seed fingerprints: 362
  have consensuses-2026-05.tar.xz
  have consensuses-2026-06.tar.xz
  have consensuses-2026-07.tar.xz
  have consensuses-2026-08.tar.xz
  have consensuses-2026-09.tar.xz
  have consensuses-2026-10.tar.xz
  have server-descriptors-2026-05.tar.xz
  have server-descriptors-2026-06.tar.xz
  have server-descriptors-2026-07.tar.xz
  have server-descriptors-2026-08.tar.xz
  have server-descriptors-2026-09.tar.xz
  have server-descriptors-2026-10.tar.xz
scanning descriptors: server-descriptors-2026-05.tar.xz
scanning descriptors: server-descriptors-2026-06.tar.xz
scanning descriptors: server-descriptors-2026-07.tar.xz
scanning descriptors: server-descriptors-2026-08.tar.xz
scanning descriptors: server-descriptors-2026-09.tar.xz
scanning descriptors: server-descriptors-2026-10.tar.xz
  descriptors scanned: 3006543, family descriptors: 75936
scanning consensuses: consensuses-2026-05.tar.xz
scanning consensuses: consensuses-2026-06.tar.xz
scanning consensuses: consensuses-2026-07.tar.xz
scanning consensuses: consensuses-2026-08.tar.xz
scanning consensuses: consensuses-2026-09.tar.xz
scanning consensuses: consensuses-2026-10.tar.xz
  consensuses scanned: 3810 (2026-05-01 00:00:00 .. 2026-10-07 02:00:00)
done; see out/summary.md
