family candidates: 769 family (seed or exact contact): 764 look-alikes: 5
   look-alike 10E2D754B5E4F5E062286B91417D32AF832D8050 Quetzalcoat wonderlandolivesalad@atomicmail.io 2026-05-14 13:15:49 2026-08-25 20:34:30
   look-alike 4F91F5F94C78331F1AD8393E0AA11C621853192A Quetzalcoatl346 neslo1y2dc@seznam.cz 2026-08-18 17:06:55 2026-08-19 16:23:56
   look-alike 6CCA19F858EEBD58DC607115FC2DD1ED1CC59553 Quetzalcoat wonderlandolivesalad@atomicmail.io 2026-05-14 13:13:51 2026-08-25 16:00:58
   look-alike C3768F7302B04BA95F087BBC87F97217627A4711 Quetzalcoatl346 neslo1y2dc@seznam.cz 2026-08-18 16:23:13 2026-08-18 16:23:13
   look-alike C7E2C0FC5B75CE8CEF1CC422AD25E9113E0F9FFC Quetzalcoatl346 2l3btt9b3mt@hotmail.com 2026-08-18 17:11:36 2026-08-19 22:26:45
seeds with exact family contact: 362 ; non-seed family: 402
active in October (any consensus >= 10-01): 277 seeds: 176 non-seeds: 101 hosts: 73
   by AS: [(('36352', 'HostPapa'), 125), (('53667', 'FranTech Solutions'), 48), (('197540', 'netcup GmbH'), 40), (('141995', 'Contabo Asia Private Limited'), 24), (('51167', 'Contabo GmbH'), 16), (('211619', 'MAXKO d.o.o.'), 16), (('40021', 'Contabo Inc.'), 8)]
   hosts by AS: [('36352', 27), ('53667', 24), ('197540', 14), ('141995', 3), ('211619', 2), ('51167', 2), ('40021', 1)]
seeds last seen before 10-01: 186 [('2026-05-12', 158), ('2026-06-17', 12), ('2026-05-13', 8), ('2026-05-28', 6), ('2026-06-16', 2)]
family present in consensus at 2026-10-01 12:00: 276
family policy changes since 2026-08-01: 321 {('accept-list', 'accept-list', 'restart'): 44, ('accept-list', 'near-open', 'reload'): 273, ('accept-list', 'near-open', 'restart'): 4}
   near-open changes: 277 relays, 73 hosts, 2026-10-02 09:27:42 .. 2026-10-02 09:35:18; boot unchanged (reload) for 273
   host order: inv str/num/nodot 1056/1029/1051 of 2628; runs 46/17/46
   boot times of the near-open descriptors (minute): [('2026-10-01 15:43', 173), ('2026-10-01 15:42', 32), ('2026-10-01 15:44', 31), ('2026-10-01 15:46', 23), ('2026-10-01 15:47', 7), ('2026-10-01 15:45', 6)]
family bursts (>=5 hosts, 20-min chaining) from 2026-08-20:
   2026-08-21 07:02:01 .. 2026-08-21 07:16:35 hosts=6 relays=10 restart=10 inv 1/2/1 of 15 runs 5/4/5 tau[]
   2026-08-22 14:23:45 .. 2026-08-22 14:37:47 hosts=5 relays=7 restart=7 inv 3/10/3 of 10 runs 3/1/3 tau[]
   2026-08-22 15:02:28 .. 2026-08-22 16:15:33 hosts=6 relays=13 restart=13 inv 7/7/7 of 15 runs 3/2/3 tau[]
   2026-08-22 17:59:12 .. 2026-08-22 18:20:23 hosts=6 relays=6 restart=6 inv 6/10/6 of 15 runs 3/2/3 tau[]
   2026-08-22 20:47:02 .. 2026-08-22 21:21:58 hosts=6 relays=6 restart=6 inv 8/12/8 of 15 runs 3/2/3 tau[]
   2026-08-26 02:51:12 .. 2026-08-26 04:33:53 hosts=45 relays=144 restart=145 inv 545/540/542 of 990 runs 4/4/4 tau[(n=44) 2026-08-14 15:07:0.05(n=21) 2026-08-14 22:48:-0.01(n=15) 2026-08-15 23:02:0.00(n=17) 2026-08-16 03:40:-0.01(n=27)]
   2026-08-26 05:41:20 .. 2026-08-26 07:08:00 hosts=22 relays=113 restart=113 inv 135/77/135 of 231 runs 3/4/3 tau[00(n=10) 2026-07-16 16:03:0.23(n=14) 2026-07-30 03:49:0.99(n=18) 2026-07-31 18:28:1.00(n=18) 2026-08-09 05:54:0.99(n=19)]
   2026-08-28 04:05:33 .. 2026-08-28 05:29:05 hosts=6 relays=14 restart=14 inv 7/3/7 of 15 runs 4/5/4 tau[]
   2026-08-28 16:56:41 .. 2026-08-28 17:39:09 hosts=5 relays=9 restart=9 inv 2/3/2 of 10 runs 4/3/4 tau[]
   2026-08-29 10:02:05 .. 2026-08-29 10:33:43 hosts=7 relays=8 restart=8 inv 12/13/12 of 21 runs 2/2/2 tau[]
   2026-08-29 11:12:35 .. 2026-08-29 12:08:41 hosts=6 relays=7 restart=7 inv 9/8/9 of 15 runs 3/3/3 tau[]
   2026-08-30 05:17:41 .. 2026-08-30 05:27:21 hosts=6 relays=6 restart=6 inv 13/6/13 of 15 runs 2/4/2 tau[]
   2026-08-30 06:59:17 .. 2026-08-30 07:39:17 hosts=5 relays=21 restart=21 inv 5/3/5 of 10 runs 2/2/2 tau[]
   2026-08-30 08:44:30 .. 2026-08-30 09:04:30 hosts=5 relays=5 restart=5 inv 5/2/5 of 10 runs 2/2/2 tau[]
   2026-08-30 15:45:26 .. 2026-08-30 17:07:27 hosts=37 relays=79 restart=81 inv 453/329/450 of 666 runs 4/4/4 tau[10(n=17) 2026-08-14 22:48:0.00(n=13) 2026-08-15 23:02:0.20(n=13) 2026-08-16 03:40:0.08(n=23) 2026-08-26 02:51:0.81(n=36)]
   2026-08-30 18:03:27 .. 2026-08-30 19:20:52 hosts=13 relays=66 restart=84 inv 44/33/44 of 78 runs 3/3/3 tau[2026-06-22 10:10:0.78(n=11) 2026-06-25 02:04:0.05(n=13) 2026-08-09 02:36:0.91(n=10)]
   2026-08-31 01:32:07 .. 2026-08-31 03:13:53 hosts=22 relays=113 restart=114 inv 135/77/135 of 231 runs 3/4/3 tau[23(n=14) 2026-07-30 03:49:0.99(n=18) 2026-07-31 18:28:1.00(n=18) 2026-08-09 05:54:0.99(n=19) 2026-08-26 05:41:1.00(n=22)]
   2026-09-03 16:56:22 .. 2026-09-03 17:12:32 hosts=21 relays=32 restart=34 inv 144/91/144 of 210 runs 4/4/4 tau[44(n=13) 2026-08-16 03:40:0.54(n=14) 2026-08-26 02:51:0.38(n=10) 2026-08-26 05:41:0.20(n=11) 2026-08-31 01:32:0.20(n=11)]
   2026-09-04 05:07:28 .. 2026-09-04 05:16:38 hosts=7 relays=8 restart=8 inv 13/13/13 of 21 runs 3/3/3 tau[]
   2026-09-04 17:11:06 .. 2026-09-04 17:24:06 hosts=7 relays=9 restart=9 inv 12/7/12 of 21 runs 3/3/3 tau[]
   2026-09-04 22:30:02 .. 2026-09-04 22:39:04 hosts=14 relays=16 restart=16 inv 45/30/45 of 91 runs 2/3/2 tau[4(n=11) 2026-08-14 22:48:0.11(n=10) 2026-08-15 23:02:0.13(n=11) 2026-08-16 03:40:-0.15(n=12) 2026-09-03 16:56:0.03(n=12)]
   2026-09-05 11:19:19 .. 2026-09-05 11:31:37 hosts=22 relays=28 restart=28 inv 144/92/144 of 231 runs 4/4/4 tau[6(n=11) 2026-08-30 15:45:-0.42(n=10) 2026-08-31 01:32:0.06(n=11) 2026-09-03 16:56:0.60(n=14) 2026-09-04 22:30:0.60(n=10)]
   2026-09-05 23:29:03 .. 2026-09-05 23:36:01 hosts=5 relays=5 restart=5 inv 5/3/5 of 10 runs 2/3/2 tau[]
   2026-09-06 11:34:04 .. 2026-09-06 11:41:58 hosts=8 relays=9 restart=9 inv 13/15/13 of 28 runs 3/2/3 tau[]
   2026-09-07 11:43:53 .. 2026-09-07 12:17:25 hosts=10 relays=10 restart=10 inv 22/27/22 of 45 runs 3/3/3 tau[2026-06-25 02:04:-0.33(n=10) 2026-07-26 07:06:-0.07(n=10)]
   2026-09-08 13:03:01 .. 2026-09-08 13:28:49 hosts=6 relays=6 restart=6 inv 7/9/7 of 15 runs 3/2/3 tau[]
   2026-09-08 14:07:06 .. 2026-09-08 15:09:44 hosts=5 relays=26 restart=26 inv 4/5/4 of 10 runs 3/3/3 tau[]
   2026-09-08 23:47:43 .. 2026-09-09 01:05:43 hosts=69 relays=273 restart=274 inv 1050/1340/1047 of 2346 runs 4/6/4 tau[n=22) 2026-09-03 16:56:0.15(n=21) 2026-09-04 22:30:-0.21(n=14) 2026-09-05 11:19:-0.29(n=22) 2026-09-07 11:43:-0.16(n=10)]
   2026-09-09 01:29:19 .. 2026-09-09 02:00:00 hosts=9 relays=72 restart=72 inv 27/17/27 of 36 runs 2/3/2 tau[]
   2026-09-13 01:14:22 .. 2026-09-13 02:05:49 hosts=7 relays=16 restart=19; restart(ip-change)=1 inv 18/10/17 of 21 runs 2/2/3 tau[]
   2026-09-13 02:58:10 .. 2026-09-13 03:44:35 hosts=5 relays=20 restart=20 inv 6/8/6 of 10 runs 2/2/2 tau[]
   2026-09-13 22:48:48 .. 2026-09-13 23:12:29 hosts=5 relays=21 restart=21 inv 8/6/8 of 10 runs 2/2/2 tau[]
   2026-09-16 14:01:29 .. 2026-09-16 14:18:08 hosts=5 relays=5 restart=5 inv 2/4/2 of 10 runs 4/3/4 tau[]
   2026-09-16 15:46:33 .. 2026-09-16 16:23:03 hosts=7 relays=15 restart=15 inv 11/13/11 of 21 runs 3/3/3 tau[]
   2026-09-21 15:15:18 .. 2026-09-21 15:44:48 hosts=7 relays=16 restart=16 inv 11/13/11 of 21 runs 3/3/3 tau[]
   2026-09-23 23:33:54 .. 2026-09-24 01:03:01 hosts=69 relays=252 restart=254 inv 1097/1300/1094 of 2346 runs 3/4/3 tau[(n=20) 2026-09-03 16:56:0.18(n=19) 2026-09-04 22:30:-0.18(n=13) 2026-09-05 11:19:-0.29(n=21) 2026-09-08 23:47:0.99(n=66)]
   2026-09-28 00:19:21 .. 2026-09-28 02:05:30 hosts=7 relays=9 restart=11 inv 17/7/17 of 21 runs 2/2/2 tau[]
   2026-09-28 03:27:50 .. 2026-09-28 04:18:01 hosts=12 relays=58 restart=58 inv 21/40/22 of 66 runs 3/3/3 tau[2026-09-08 23:47:0.52(n=12) 2026-09-23 23:33:0.53(n=11)]
   2026-09-29 02:13:41 .. 2026-09-29 02:33:18 hosts=6 relays=7 restart=7 inv 6/8/6 of 15 runs 3/3/3 tau[]
   2026-09-30 10:58:09 .. 2026-09-30 11:30:43 hosts=10 relays=18 restart=18 inv 24/16/24 of 45 runs 3/5/3 tau[2026-09-08 23:47:0.02(n=10)]
   2026-10-01 14:44:58 .. 2026-10-01 14:47:03 hosts=5 relays=5 restart=5 inv 9/7/9 of 10 runs 2/2/2 tau[]
   2026-10-01 15:36:30 .. 2026-10-01 15:47:53 hosts=72 relays=275 restart=277 inv 1184/1303/1183 of 2556 runs 8/10/8 tau[07(n=10) 2026-09-08 23:47:0.34(n=68) 2026-09-23 23:33:0.39(n=68) 2026-09-28 03:27:0.42(n=12) 2026-09-30 10:58:0.20(n=10)]
   2026-10-02 09:27:42 .. 2026-10-02 09:35:18 hosts=73 relays=273 reload=273 inv 1056/1029/1051 of 2628 runs 46/17/46 tau[n=69) 2026-09-23 23:33:-0.16(n=69) 2026-09-28 03:27:-0.36(n=12) 2026-09-30 10:58:-0.07(n=10) 2026-10-01 15:36:0.13(n=72)]
   2026-10-04 01:10:53 .. 2026-10-04 05:47:26 hosts=72 relays=269 restart=269 inv 1526/1151/1525 of 2556 runs 4/4/4 tau[1(n=68) 2026-09-28 03:27:-0.12(n=12) 2026-09-30 10:58:0.29(n=10) 2026-10-01 15:36:0.03(n=71) 2026-10-02 09:27:0.28(n=72)]
   2026-10-05 08:56:30 .. 2026-10-05 10:39:50 hosts=70 relays=253 restart=253 inv 14/1157/9 of 2415 runs 23/12/28 tau[5(n=66) 2026-09-28 03:27:0.36(n=12) 2026-10-01 15:36:0.11(n=69) 2026-10-02 09:27:0.19(n=70) 2026-10-04 01:10:-0.17(n=69)]
bursts (>=5 hosts, 20 min) before known infection: 242
2026-10-05 08:30-11:00 sweep: 70 hosts, 253 relays, 2026-10-05 08:56:30 .. 2026-10-05 10:39:50; inv str/num/nodot 14/1157/9 of 2415; runs 23/12/28
   hosts also in Onionoo family view: 55; not in it: 15; Onionoo-view hosts: 57
   sweep hosts carrying seed relays: 56; carrying only non-seed relays: 14
   restarts of relays in the Onionoo view: 152 relays on 55 hosts, 2026-10-05 08:56:30 .. 2026-10-05 10:26:56
   exit share ['2026-09-24 12:00:00', 276, 276, 3201, 8.62, 3563822, 66815178, 5.33, 276, 3563822, 66788134, 5.34]
   exit share ['2026-10-01 12:00:00', 276, 276, 3075, 8.98, 3473250, 64317008, 5.4, 276, 3473250, 64283780, 5.4]
   exit share ['2026-10-02 12:00:00', 277, 277, 3090, 8.96, 3458380, 65245115, 5.3, 277, 3458380, 65209887, 5.3]
   exit share ['2026-10-03 12:00:00', 277, 277, 3108, 8.91, 3370100, 65963582, 5.11, 277, 3370100, 65928354, 5.11]
   exit share ['2026-10-04 12:00:00', 277, 277, 3079, 9.0, 3309880, 65156291, 5.08, 277, 3309880, 65119863, 5.08]
   exit share ['2026-10-04 20:00:00', 31, 31, 2825, 1.1, 197500, 61670635, 0.32, 31, 197500, 61634207, 0.32]
   exit share ['2026-10-04 21:00:00', 8, 0, 2744, 0.0, 0, 60907038, 0.0, 0, 0, 60511610, 0.0]
   exit share ['2026-10-05 00:00:00', 4, 0, 2746, 0.0, 0, 60533235, 0.0, 0, 0, 60218807, 0.0]
   exit share ['2026-10-05 09:00:00', 0, 0, 2732, 0.0, 0, 60337023, 0.0, 0, 0, 60300595, 0.0]
   exit share ['2026-10-05 12:00:00', 208, 0, 2726, 0.0, 0, 60871474, 0.0, 0, 0, 60835046, 0.0]
   exit share ['2026-10-06 00:00:00', 0, 0, 2689, 0.0, 0, 60102056, 0.0, 0, 0, 60060928, 0.0]
   mean pct exit relays 09-24..09-30: 8.70%, mean pct exit weight: 5.42%
port impact: operator summaries before (count of descriptors): [('accept 20-21,43,53,79-81,194,220,389,443,531,543-544,554,563', 2932)]
   allowed before 79, after 65311, newly opened 65235, closed [563, 993, 995]
   newly opened <1024: 982
other family descriptor changes since 08-01 (field, date): [(('address', '2026-08-18'), 8), (('address', '2026-08-19'), 8), (('address', '2026-08-23'), 8), (('address', '2026-08-30'), 8), (('address', '2026-09-01'), 8), (('address', '2026-09-13'), 1), (('address', '2026-09-21'), 1), (('address', '2026-09-22'), 1), (('address', '2026-09-27'), 1), (('family', '2026-08-08'), 8), (('family', '2026-08-13'), 8), (('family', '2026-08-18'), 8), (('family', '2026-08-19'), 15), (('family', '2026-08-23'), 8), (('family', '2026-08-30'), 8), (('family', '2026-09-01'), 8), (('family', '2026-09-13'), 1), (('family', '2026-09-21'), 1), (('family', '2026-09-22'), 1), (('family', '2026-09-27'), 1), (('ipv6_policy', '2026-08-23'), 8), (('ipv6_policy', '2026-10-02'), 277), (('or_addresses', '2026-08-23'), 8), (('or_addresses', '2026-08-30'), 8), (('or_addresses', '2026-09-01'), 8), (('or_addresses', '2026-09-13'), 1), (('or_addresses', '2026-09-21'), 1), (('or_addresses', '2026-09-22'), 1), (('or_addresses', '2026-09-27'), 1), (('or_port', '2026-09-21'), 1), (('or_port', '2026-09-22'), 1), (('or_port', '2026-09-27'), 1), (('platform', '2026-09-01'), 8), (('platform', '2026-09-08'), 84), (('platform', '2026-09-09'), 189), (('platform', '2026-09-13'), 1), (('platform', '2026-09-21'), 1), (('platform', '2026-09-22'), 1), (('platform', '2026-09-23'), 144), (('platform', '2026-09-24'), 132), (('platform', '2026-09-27'), 1)]
   flags ['2026-10-04 12:00:00', 277, 277, 0, 0, 197, 277]
   flags ['2026-10-04 13:00:00', 277, 277, 0, 0, 197, 277]
   flags ['2026-10-04 14:00:00', 277, 277, 0, 0, 198, 277]
   flags ['2026-10-04 15:00:00', 272, 272, 0, 0, 194, 272]
   flags ['2026-10-04 16:00:00', 248, 248, 0, 0, 168, 248]
   flags ['2026-10-04 17:00:00', 230, 230, 0, 0, 141, 230]
   flags ['2026-10-04 18:00:00', 210, 210, 0, 0, 89, 210]
   flags ['2026-10-04 19:00:00', 153, 153, 0, 0, 51, 153]
   flags ['2026-10-04 20:00:00', 31, 31, 0, 0, 1, 31]
   flags ['2026-10-04 21:00:00', 8, 0, 8, 8, 0, 8]
   flags ['2026-10-04 22:00:00', 8, 0, 8, 8, 0, 8]
   flags ['2026-10-04 23:00:00', 6, 0, 6, 6, 0, 6]
   flags ['2026-10-05 00:00:00', 4, 0, 4, 4, 0, 4]
   flags ['2026-10-05 01:00:00', 4, 0, 4, 4, 0, 4]
   flags ['2026-10-05 02:00:00', 0, 0, 0, 0, 0, 0]
   flags ['2026-10-05 03:00:00', 0, 0, 0, 0, 0, 0]
   flags ['2026-10-05 04:00:00', 0, 0, 0, 0, 0, 0]
   flags ['2026-10-05 05:00:00', 0, 0, 0, 0, 0, 0]
   flags ['2026-10-05 06:00:00', 0, 0, 0, 0, 0, 0]
   flags ['2026-10-05 07:00:00', 0, 0, 0, 0, 0, 0]
   flags ['2026-10-05 08:00:00', 0, 0, 0, 0, 0, 0]
   flags ['2026-10-05 09:00:00', 0, 0, 0, 0, 0, 0]
   flags ['2026-10-05 10:00:00', 82, 0, 81, 81, 0, 82]
   flags ['2026-10-05 11:00:00', 218, 0, 167, 167, 0, 218]
   flags ['2026-10-05 12:00:00', 208, 0, 0, 0, 0, 208]
   flags ['2026-10-05 13:00:00', 111, 0, 0, 0, 0, 111]
   flags ['2026-10-05 14:00:00', 0, 0, 0, 0, 0, 0]
   flags ['2026-10-05 15:00:00', 0, 0, 0, 0, 0, 0]
   flags ['2026-10-05 16:00:00', 0, 0, 0, 0, 0, 0]
   flags ['2026-10-05 17:00:00', 0, 0, 0, 0, 0, 0]
   flags ['2026-10-05 18:00:00', 0, 0, 0, 0, 0, 0]
   flags ['2026-10-05 19:00:00', 0, 0, 0, 0, 0, 0]
   flags ['2026-10-05 20:00:00', 0, 0, 0, 0, 0, 0]
   flags ['2026-10-05 21:00:00', 0, 0, 0, 0, 0, 0]
   flags ['2026-10-05 22:00:00', 0, 0, 0, 0, 0, 0]
   flags ['2026-10-05 23:00:00', 0, 0, 0, 0, 0, 0]
   flags ['2026-10-06 00:00:00', 0, 0, 0, 0, 0, 0]
   flags ['2026-10-06 01:00:00', 0, 0, 0, 0, 0, 0]
   flags ['2026-10-06 02:00:00', 0, 0, 0, 0, 0, 0]
   flags ['2026-10-06 03:00:00', 0, 0, 0, 0, 0, 0]
