  descriptors processed: 500000
  descriptors processed: 1000000
  descriptors processed: 1500000
  descriptors processed: 2000000
  descriptors processed: 2500000
descriptors: 2767399; uptime-drift boot shifts discarded: 41346
restart 475619
reload 20436
absence 190785
policy_event 28391
desc_change 127774
victim 377

real	0m41.817s
user	0m30.031s
sys	0m10.897s
pfx2as prefixes: 1125729
distinct IPv4 addresses: 30349
mapped by CAIDA: 30198 / 30349; unmapped: 151; CAIDA==IPFire: 30190; differ: 8

real	0m6.129s
user	0m5.744s
sys	0m0.291s
