newest descriptor of an affected relay in data_recent: 2026-10-08 04:01:57
latest consensus: 2026-10-08 06:00:00  24 h cutoff (>=): 2026-10-07 06:00:00
affected relays whose newest descriptor is in the votes but not (yet) in the CollecTor files: 31
   status changes: 07DCECDF04BE5D470C615C8E1CCF086F74FC8CA6 Quetzalcoatl fam=1 107.175.218.6 AS36352 CollecTor newest 2026-10-05 09:21:42, vote newest 2026-10-08 04:35:57 A/B=True, listed by ['dannenberg', 'dizum', 'tor26']
silent relays (both sources): newest descriptor 2026-10-06 10:40:07

== A. vote round ['2026-10-08 06:00:00'] authorities: ['bastet', 'dannenberg', 'dizum', 'faravahar', 'gabelmoo', 'longclaw', 'maatuska', 'moria1', 'tor26']
   listed: 1 relays; listed by n of 9 authorities: {9: 1}
   publishing A/B: 34 relays; listed by n of 9 authorities: {2: 8, 3: 26}
      listing authorities: {'dannenberg': 26, 'tor26': 34, 'dizum': 34}
      flag votes on them (sum over authorities): {'MiddleOnly': 21, 'Valid': 94, 'Exit': 73, 'Running': 84}
      family: 1  FranTech: 28
   publishing other: 19 relays; listed by n of 9 authorities: {1: 1, 2: 1, 3: 17}
   silent: 323 relays; listed by n of 9 authorities: {0: 323}

== B. affected relays whose newest descriptor is neither A nor B
   0CADF9650BE6F3CB6A09F29D8B91250D93DD91E6 TheSecondRelay       AS53667   status=publishing other newest=2026-10-08 02:35:14 reject 1-65535 | exact pre-incident text
   15CA183DC161A0AF6FACDD7A0B6DA84C593E8D09 TorDola              AS211720  status=publishing other newest=2026-10-08 03:40:05 accept 20-23,43,53,79-81,88,110,143,194, | different from pre-incident
   292FCACE773DC259B799914A23BE65A6A6178E8F chp175               AS53667   status=publishing other newest=2026-10-08 01:21:25 reject 22,25,465,587 | exact pre-incident text
   3B953203AF332D8FE1452E1CE7CB50A3B5297DB2 paranoidtorrelay     AS53667   status=publishing other newest=2026-10-08 02:00:06 reject 1-65535 | exact pre-incident text
   4134DA299E17ED8F6F5AC6642EF1054BC3C133D3 Unnamed              AS53667   status=publishing other newest=2026-10-08 01:28:39 reject 1-65535 | exact pre-incident text
   4F72DEF09B015E9B6F210597083D95D8A3BC38AD TorDola1             AS211720  status=publishing other newest=2026-10-08 04:01:44 accept 20-23,43,53,79-81,88,110,143,194, | different from pre-incident
   54955A17DDCEBD1BC64A3C4092774EA7FC682CC4 MyTorGuardRelay1     AS200019  status=publishing other newest=2026-10-08 02:35:31 reject 1-65535 | exact pre-incident text
   5603B5C58114835F2F35FBA5939EE2F25781779C TerrorismNetwork     AS53667   status=publishing other newest=2026-10-08 02:02:16 reject 1-65535 | exact pre-incident text
   7BC58F5CDC4791F10E94D75E6A5AD1B9D084C963 MDrelay              AS200019  status=publishing other newest=2026-10-08 02:45:23 reject 1-65535 | exact pre-incident text
   808DED5C02DB3C23A222E15F4C098BDD099EF2BD relayon9186          AS133255  status=publishing other newest=2026-10-07 22:35:28 accept 20-23,43,53,79-81,88,110,143,194, | different from pre-incident
   8B2CCF2A27D52CEE3DC055C1AD11E3755104F601 TorDola2             AS211720  status=publishing other newest=2026-10-08 03:40:05 accept 20-23,43,53,79-81,88,110,143,194, | different from pre-incident
   92A7F611B06A647CF6ADF1ACEAD7F12D83A2C1ED Relay                AS200019  status=publishing other newest=2026-10-08 02:32:32 reject 1-65535 | exact pre-incident text
   9BB108761BB27E8A87CD6677DC69DE6EB2B3BCFA InnerRelayRP         AS20473   status=publishing other newest=2026-10-08 02:08:21 reject 1-65535 | exact pre-incident text
   9CDB4020E69D9E7201C3D1A8BF9DE1DEBF997A76 TimberDolphin63      AS53667   status=listed           newest=2026-10-07 22:44:24 reject 23,25,110,143,445,465,587,1433,33 | exact pre-incident text
   BC7206F673869BC4DC5687E8BAA2BE96C289B4E4 thankssnowden0       AS53667   status=publishing other newest=2026-10-08 02:12:59 reject 25,465,587 | exact pre-incident text
   C6AA7656909FA64A03EFBA40DD294D4BD79AA3E0 TorDola3             AS211720  status=publishing other newest=2026-10-08 03:41:05 accept 20-23,43,53,79-81,88,110,143,194, | different from pre-incident
   D14A2CAC084BF7CF95122E5A401E9F64D46A5706 RestoreEU            AS53667   status=publishing other newest=2026-10-08 02:07:03 reject 25,119,135-139,445,465,563,587,12 | exact pre-incident text
   E8953FFF6D47182B07C6D3F0E092F83D8E45D62F dead                 AS53667   status=publishing other newest=2026-10-08 03:30:39 accept 20-23,43,53,79-81,88,110,143,194, | different from pre-incident
   EEF7AB01E5EA74DDA0AA4B691611E49299723B7E TorDola4             AS211720  status=publishing other newest=2026-10-08 03:40:05 accept 20-23,43,53,79-81,88,110,143,194, | no pre-incident descriptor (new key)
   FC088734EA8D7E6347D527815202B47830997614 drear                AS53667   status=publishing other newest=2026-10-08 02:55:01 accept 20-23,43,53,79-81,88,110,143,194, | different from pre-incident
   totals: {'exact pre-incident text': 12, 'different from pre-incident': 7, 'no pre-incident descriptor (new key)': 1}

== C. affected relays never voted BadExit or MiddleOnly by any authority (Oct votes)
   count: 57  Quetzalcoatl: 14
   policy used: {'B': 36, 'A+B': 8, 'A': 13}
   policy used, Quetzalcoatl: {'B': 14}
   current status: {'silent': 37, 'publishing A/B': 13, 'publishing other': 7}
   ever listed in a consensus with an A/B p line: 56
   ever had Exit (no BadExit) with an A/B p line in a consensus: 56
   not silent: FEDA854291A94B8CA5BB6920AE100346EBC4E522 4715               fam=0 AS53667   policy=A status=publishing A/B newest=2026-10-08 05:35:35 class=OUR_POLICY listed_by=3/9
   not silent: 7E2FF265BE20E154CED120D46E39058F6CCC34D7 sh97US104R         fam=0 AS400304  policy=B status=publishing A/B newest=2026-10-08 05:12:21 class=near-open listed_by=3/9
   not silent: 76959901386E8C908F50235D9894007886B67C2E TorDotTeitelNet    fam=0 AS53667   policy=B status=publishing A/B newest=2026-10-08 04:50:37 class=near-open listed_by=2/9
   not silent: 808DED5C02DB3C23A222E15F4C098BDD099EF2BD relayon9186        fam=0 AS133255  policy=A status=publishing other newest=2026-10-08 04:39:28 class=accept-list listed_by=1/9
   not silent: AE6507A440E9353C19C39B5448A13EB60A77B525 thb8b35d95b69765   fam=0 AS9044    policy=B status=publishing A/B newest=2026-10-08 04:13:54 class=near-open listed_by=2/9
   not silent: 144C5DBEBD925D54A246A10832CBB293EE84C834 dn3a               fam=0 AS399646  policy=B status=publishing A/B newest=2026-10-08 04:01:57 class=near-open listed_by=3/9
   not silent: 4F72DEF09B015E9B6F210597083D95D8A3BC38AD TorDola1           fam=0 AS211720  policy=A status=publishing other newest=2026-10-08 04:01:44 class=accept-list listed_by=3/9
   not silent: DB451037C23AF3D028AE1B7E2F82BE5CA77B98A5 NgePTimE           fam=0 AS53667   policy=B status=publishing A/B newest=2026-10-08 03:58:24 class=near-open listed_by=2/9
   not silent: 7417085A0CC99550CF82ADD3F7B1CD01E64AAADE Triangulum1        fam=0 AS53667   policy=A+B status=publishing A/B newest=2026-10-08 03:53:13 class=near-open listed_by=2/9
   not silent: 4954B51AF0CBADA08E4BC389DF1E3E419535165A andr788k           fam=0 AS53667   policy=B status=publishing A/B newest=2026-10-08 03:47:11 class=near-open listed_by=2/9
   not silent: C6AA7656909FA64A03EFBA40DD294D4BD79AA3E0 TorDola3           fam=0 AS211720  policy=A status=publishing other newest=2026-10-08 03:41:05 class=accept-list listed_by=3/9
   not silent: 15CA183DC161A0AF6FACDD7A0B6DA84C593E8D09 TorDola            fam=0 AS211720  policy=A status=publishing other newest=2026-10-08 03:40:05 class=accept-list listed_by=3/9
   not silent: 8B2CCF2A27D52CEE3DC055C1AD11E3755104F601 TorDola2           fam=0 AS211720  policy=A status=publishing other newest=2026-10-08 03:40:05 class=accept-list listed_by=3/9
   not silent: EEF7AB01E5EA74DDA0AA4B691611E49299723B7E TorDola4           fam=0 AS211720  policy=A status=publishing other newest=2026-10-08 03:40:05 class=accept-list listed_by=3/9
   not silent: 3B49A31F1DD5D929133AF10B0B33BB7AE42B53E7 sullyhelpstor      fam=0 AS53667   policy=B status=publishing A/B newest=2026-10-08 03:35:07 class=near-open listed_by=2/9
   not silent: E8953FFF6D47182B07C6D3F0E092F83D8E45D62F dead               fam=0 AS53667   policy=A+B status=publishing other newest=2026-10-08 03:30:39 class=accept-list listed_by=2/9
   not silent: 5957F8B3503BB566D36F8B9A20280FD990E4C298 2mpe4              fam=0 AS53667   policy=A+B status=publishing A/B newest=2026-10-08 03:24:13 class=near-open listed_by=2/9
   not silent: 7ED6B42716B1D393E7BAC2FFDDE3853CD9896A95 Dumbledore         fam=0 AS53667   policy=B status=publishing A/B newest=2026-10-08 03:21:16 class=near-open listed_by=2/9
   not silent: 982FF2DAC80C1454E826B43F8FF003CF2CDC1CD7 mbserver           fam=0 AS200019  policy=B status=publishing A/B newest=2026-10-08 03:18:44 class=near-open listed_by=3/9
   not silent: 2858C4BF05D57D7FEBEE28DEA82BAC374222F858 privatebrowsingorg fam=0 AS53667   policy=A+B status=publishing A/B newest=2026-10-08 03:09:17 class=near-open listed_by=3/9
   newest descriptor among the silent ones: 2026-10-06 06:32:52

== D. consensus 2026-10-05 11:00 and 12:00, affected relays with an A/B p line
   2026-10-05 11:00:00: 262 listed with A/B (family 218); votes 9; BadExit known by 5 ['faravahar', 'gabelmoo', 'longclaw', 'moria1', 'tor26']
      authorities listing them: {'bastet': 209, 'gabelmoo': 209, 'dannenberg': 262, 'longclaw': 209, 'tor26': 262, 'faravahar': 261, 'dizum': 262, 'moria1': 250, 'maatuska': 209}
      listed by n authorities: {9: 196, 5: 53, 8: 13}
      BadExit votes: {3: 196, 1: 53, 0: 13}  MiddleOnly votes: {6: 186, 5: 10, 2: 53, 0: 13}
      consensus BadExit: 196  MiddleOnly: 196  Exit: 13
      with Exit: 13  family: 0  never voted BadExit/MiddleOnly: 13
   2026-10-05 12:00:00: 253 listed with A/B (family 208); votes 9; BadExit known by 5 ['faravahar', 'gabelmoo', 'longclaw', 'moria1', 'tor26']
      authorities listing them: {'dannenberg': 253, 'dizum': 253, 'faravahar': 253, 'tor26': 253, 'bastet': 200, 'moria1': 241, 'gabelmoo': 200}
      listed by n authorities: {7: 188, 5: 53, 6: 12}
      BadExit votes: {2: 187, 1: 53, 0: 13}  MiddleOnly votes: {4: 177, 3: 10, 2: 53, 0: 13}
      consensus BadExit: 0  MiddleOnly: 0  Exit: 13
      with Exit: 13  family: 0  never voted BadExit/MiddleOnly: 13
         0932F9009DCF32EC60FD52F975318D3F6E8E59F9 wastedspace        AS53667
         0CB83F633CFB20692E8A615C7B8E524835E2746E knuckledragger     AS53667
         15CA183DC161A0AF6FACDD7A0B6DA84C593E8D09 TorDola            AS211720
         4F72DEF09B015E9B6F210597083D95D8A3BC38AD TorDola1           AS211720
         607DD424497FFF47398E684B092C3144DBEB93CD ghostdriver        AS53667
         67221DF5B5D86B1C5E872A877BC5665FEAACC562 pills              AS53667
         8B2CCF2A27D52CEE3DC055C1AD11E3755104F601 TorDola2           AS211720
         982FF2DAC80C1454E826B43F8FF003CF2CDC1CD7 mbserver           AS200019
         C6AA7656909FA64A03EFBA40DD294D4BD79AA3E0 TorDola3           AS211720
         D76D33B4866F2B61166E007C1DEFFEA82C5F1CDF 2778626253393027   AS53667
         EEF7AB01E5EA74DDA0AA4B691611E49299723B7E TorDola4           AS211720
         F507D9EEC750FCE6020EF8450D9A25DBE7ADA92A JACKofNINES        AS53667
         FEDA854291A94B8CA5BB6920AE100346EBC4E522 4715               AS53667
      without Exit: 240  family: 208
