newest consensus: 2026-10-08 23:00:00  window start: 2026-10-07 23:00:00  relays in it: 9082
affected relays listed now: 1
    9CDB4020E69D9E7201C3D1A8BF9DE1DEBF997A76 TimberDolphin63 flags: BadExit Fast MiddleOnly Running Stable Valid p: reject 23,25,110,143,445,465,587,1433,3306,3389,5432,6379,27017
recent vote rounds: 46 2026-10-07 02:00:00 .. 2026-10-08 23:00:00  votes in last round: 9

== never voted BadExit or MiddleOnly by any authority, votes 2026-10-01 00:00:00 .. 2026-10-08 23:00:00 (145 archive rounds + 46 recent rounds): 57 (Quetzalcoatl 14)
   archive-only list: 57  newly flagged since 10-07 02:00: []
   the 14 unflagged usable A/B exits of 10-04 21:00..10-05 15:00: still never voted BadExit/MiddleOnly as of 2026-10-08 23:00:00: 14; first flag vote since: []

newest CollecTor descriptor file: 2026-10-08-22-44-16-server-descriptors
Onionoo relays_published: 2026-10-08 22:00:00

== listed in 2026-10-08 23:00:00: 1 (Quetzalcoatl 0, FranTech 1)
   newest descriptor: 2026-10-08 16:44:42 .. 2026-10-08 16:44:42
   newest policy: {'other': 1}
   authorities listing in 2026-10-08 23:00:00 : {9: 1}  voting Running: {9: 1}
   listing authorities: {'bastet': 1, 'dannenberg': 1, 'dizum': 1, 'faravahar': 1, 'gabelmoo': 1, 'longclaw': 1, 'maatuska': 1, 'moria1': 1, 'tor26': 1}
   Onionoo: present 1  running {'True': 1}  last_seen 2026-10-08 22:00:00 .. 2026-10-08 22:00:00

== not listed, descriptor published 2026-10-07 23:00:00 .. 2026-10-08 23:00:00: 60 (Quetzalcoatl 9, FranTech 36)
   newest descriptor: 2026-10-08 03:24:13 .. 2026-10-08 23:01:26
   newest policy: {'B': 32, 'A': 9, 'other': 19}
   authorities listing in 2026-10-08 23:00:00 : {1: 1, 2: 9, 3: 50}  voting Running: {0: 11, 1: 1, 2: 9, 3: 39}
   listing authorities: {'dannenberg': 50, 'dizum': 60, 'tor26': 59}
   Onionoo: present 59  running {'False': 59, '': 1}  last_seen 2026-10-02 19:00:00 .. 2026-10-05 16:00:00

==   of which newest policy A or B: 41 (Quetzalcoatl 9, FranTech 27)
   newest descriptor: 2026-10-08 03:24:13 .. 2026-10-08 23:01:26
   newest policy: {'B': 32, 'A': 9}
   authorities listing in 2026-10-08 23:00:00 : {2: 8, 3: 33}  voting Running: {0: 11, 2: 8, 3: 22}
   listing authorities: {'dannenberg': 33, 'dizum': 41, 'tor26': 41}
   Onionoo: present 41  running {'False': 41}  last_seen 2026-10-02 19:00:00 .. 2026-10-05 16:00:00

==   of which another policy: 19 (Quetzalcoatl 0, FranTech 9)
   newest descriptor: 2026-10-08 20:12:06 .. 2026-10-08 22:49:30
   newest policy: {'other': 19}
   authorities listing in 2026-10-08 23:00:00 : {1: 1, 2: 1, 3: 17}  voting Running: {1: 1, 2: 1, 3: 17}
   listing authorities: {'dannenberg': 17, 'dizum': 19, 'tor26': 18}
   Onionoo: present 18  running {'False': 18, '': 1}  last_seen 2026-10-04 17:00:00 .. 2026-10-05 16:00:00

==   of which voted Running by >= 1 authority: 49 (Quetzalcoatl 0, FranTech 34)
   newest descriptor: 2026-10-08 19:58:39 .. 2026-10-08 23:01:26
   newest policy: {'A': 9, 'B': 21, 'other': 19}
   authorities listing in 2026-10-08 23:00:00 : {1: 1, 2: 7, 3: 41}  voting Running: {1: 1, 2: 9, 3: 39}
   listing authorities: {'dannenberg': 41, 'dizum': 49, 'tor26': 48}
   Onionoo: present 48  running {'False': 48, '': 1}  last_seen 2026-10-02 19:00:00 .. 2026-10-05 16:00:00

==   of which voted Running by no authority: 11 (Quetzalcoatl 9, FranTech 2)
   newest descriptor: 2026-10-08 03:24:13 .. 2026-10-08 13:01:27
   newest policy: {'B': 11}
   authorities listing in 2026-10-08 23:00:00 : {2: 2, 3: 9}  voting Running: {0: 11}
   listing authorities: {'dannenberg': 9, 'dizum': 11, 'tor26': 11}
   Onionoo: present 11  running {'False': 11}  last_seen 2026-10-04 20:00:00 .. 2026-10-05 12:00:00

== silent: no descriptor since 2026-10-07 23:00:00: 316 (Quetzalcoatl 268, FranTech 92)
   newest descriptor: 2026-10-03 10:26:02 .. 2026-10-07 15:56:50
   newest policy: {'B': 294, 'A': 15, 'other': 7}
   authorities listing in 2026-10-08 23:00:00 : {0: 316}  voting Running: {0: 316}
   listing authorities: {}
   Onionoo: present 316  running {'False': 316}  last_seen 2026-10-03 11:00:00 .. 2026-10-05 16:00:00
   silent: newest descriptor 2026-10-07 15:56:50
   publishing, no Running vote or Quetzalcoatl: {'fp': '07DCECDF04BE5D470C615C8E1CCF086F74FC8CA6', 'nickname': 'Quetzalcoatl', 'family': '1', 'newest_published': '2026-10-08 04:35:57', 'newest_source': '2026-10-08-07-38-29-server-descriptors', 'newest_class': 'B', 'collector_newest': '2026-10-08 04:35:57', 'collector_tor_start': '2026-10-08 04:35:42', 'votes_listing': 3, 'votes_running': 0, 'listing_auths': 'dannenberg dizum tor26', 'onionoo_running': False, 'onionoo_last_seen': '2026-10-05 12:00:00', 'onionoo_last_restarted': '2026-10-08 04:35:42'}
   publishing, no Running vote or Quetzalcoatl: {'fp': '09768BD9ACA211008713BA481E0B8EE3239A9F0B', 'nickname': 'Quetzalcoatl', 'family': '1', 'newest_published': '2026-10-08 11:24:12', 'newest_source': '2026-10-08-13-29-10-server-descriptors', 'newest_class': 'B', 'collector_newest': '2026-10-08 11:24:12', 'collector_tor_start': '2026-10-08 11:20:45', 'votes_listing': 3, 'votes_running': 0, 'listing_auths': 'dannenberg dizum tor26', 'onionoo_running': False, 'onionoo_last_seen': '2026-10-05 01:00:00', 'onionoo_last_restarted': '2026-10-08 11:20:45'}
   publishing, no Running vote or Quetzalcoatl: {'fp': '552C2E2AFDD1B740A38CA9768C51EC011B2AF701', 'nickname': 'Quetzalcoatl', 'family': '1', 'newest_published': '2026-10-08 11:23:12', 'newest_source': '2026-10-08-13-29-10-server-descriptors', 'newest_class': 'B', 'collector_newest': '2026-10-08 11:23:12', 'collector_tor_start': '2026-10-08 11:20:46', 'votes_listing': 3, 'votes_running': 0, 'listing_auths': 'dannenberg dizum tor26', 'onionoo_running': False, 'onionoo_last_seen': '2026-10-05 01:00:00', 'onionoo_last_restarted': '2026-10-08 11:20:46'}
   publishing, no Running vote or Quetzalcoatl: {'fp': '5957F8B3503BB566D36F8B9A20280FD990E4C298', 'nickname': '2mpe4', 'family': '0', 'newest_published': '2026-10-08 03:24:13', 'newest_source': '2026-10-08-03-48-46-server-descriptors', 'newest_class': 'B', 'collector_newest': '2026-10-08 03:24:13', 'collector_tor_start': '2026-10-08 03:24:04', 'votes_listing': 2, 'votes_running': 0, 'listing_auths': 'dizum tor26', 'onionoo_running': False, 'onionoo_last_seen': '2026-10-04 20:00:00', 'onionoo_last_restarted': '2026-10-08 03:24:04'}
   publishing, no Running vote or Quetzalcoatl: {'fp': '728AEDB2DA037D9032F9697FFA7D9E070783A1F6', 'nickname': 'Quetzalcoatl', 'family': '1', 'newest_published': '2026-10-08 11:22:16', 'newest_source': '2026-10-08-13-29-10-server-descriptors', 'newest_class': 'B', 'collector_newest': '2026-10-08 11:22:16', 'collector_tor_start': '2026-10-08 11:20:44', 'votes_listing': 3, 'votes_running': 0, 'listing_auths': 'dannenberg dizum tor26', 'onionoo_running': False, 'onionoo_last_seen': '2026-10-05 01:00:00', 'onionoo_last_restarted': '2026-10-08 11:20:44'}
   publishing, no Running vote or Quetzalcoatl: {'fp': '75ADD82FA44C8E7D76414148CFE5E1131CD2AD0D', 'nickname': 'Quetzalcoatl', 'family': '1', 'newest_published': '2026-10-08 11:24:38', 'newest_source': '2026-10-08-13-29-10-server-descriptors', 'newest_class': 'B', 'collector_newest': '2026-10-08 11:24:38', 'collector_tor_start': '2026-10-08 11:21:13', 'votes_listing': 3, 'votes_running': 0, 'listing_auths': 'dannenberg dizum tor26', 'onionoo_running': False, 'onionoo_last_seen': '2026-10-04 22:00:00', 'onionoo_last_restarted': '2026-10-08 11:21:13'}
   publishing, no Running vote or Quetzalcoatl: {'fp': '9A11E4B46DC53E13043B9FC1EBAFE0128D699B58', 'nickname': 'Quetzalcoatl', 'family': '1', 'newest_published': '2026-10-08 11:24:43', 'newest_source': '2026-10-08-13-29-10-server-descriptors', 'newest_class': 'B', 'collector_newest': '2026-10-08 11:24:43', 'collector_tor_start': '2026-10-08 11:21:16', 'votes_listing': 3, 'votes_running': 0, 'listing_auths': 'dannenberg dizum tor26', 'onionoo_running': False, 'onionoo_last_seen': '2026-10-04 23:00:00', 'onionoo_last_restarted': '2026-10-08 11:21:16'}
   publishing, no Running vote or Quetzalcoatl: {'fp': 'B04176E992478C82F1AD7A5DC1D1D206B623D624', 'nickname': 'Quetzalcoatl', 'family': '1', 'newest_published': '2026-10-08 11:25:16', 'newest_source': '2026-10-08-13-29-10-server-descriptors', 'newest_class': 'B', 'collector_newest': '2026-10-08 11:25:16', 'collector_tor_start': '2026-10-08 11:20:45', 'votes_listing': 3, 'votes_running': 0, 'listing_auths': 'dannenberg dizum tor26', 'onionoo_running': False, 'onionoo_last_seen': '2026-10-05 01:00:00', 'onionoo_last_restarted': '2026-10-08 11:20:45'}
   publishing, no Running vote or Quetzalcoatl: {'fp': 'DB451037C23AF3D028AE1B7E2F82BE5CA77B98A5', 'nickname': 'NgePTimE', 'family': '0', 'newest_published': '2026-10-08 13:01:27', 'newest_source': '2026-10-08-16-56-48-server-descriptors', 'newest_class': 'B', 'collector_newest': '2026-10-08 13:01:27', 'collector_tor_start': '2026-10-08 00:56:21', 'votes_listing': 2, 'votes_running': 0, 'listing_auths': 'dizum tor26', 'onionoo_running': False, 'onionoo_last_seen': '2026-10-04 20:00:00', 'onionoo_last_restarted': '2026-10-08 00:56:21'}
   publishing, no Running vote or Quetzalcoatl: {'fp': 'EDCC2668AF97EBA53CD8C228B9127F6CC73D9552', 'nickname': 'Quetzalcoatl', 'family': '1', 'newest_published': '2026-10-08 11:23:09', 'newest_source': '2026-10-08-13-29-10-server-descriptors', 'newest_class': 'B', 'collector_newest': '2026-10-08 11:23:09', 'collector_tor_start': '2026-10-08 11:21:14', 'votes_listing': 3, 'votes_running': 0, 'listing_auths': 'dannenberg dizum tor26', 'onionoo_running': False, 'onionoo_last_seen': '2026-10-04 22:00:00', 'onionoo_last_restarted': '2026-10-08 11:21:14'}
   publishing, no Running vote or Quetzalcoatl: {'fp': 'F922C23FF68AAADBD2C9A384471B63694A879BA5', 'nickname': 'Quetzalcoatl', 'family': '1', 'newest_published': '2026-10-08 11:24:01', 'newest_source': '2026-10-08-13-29-10-server-descriptors', 'newest_class': 'B', 'collector_newest': '2026-10-08 11:24:01', 'collector_tor_start': '2026-10-08 11:21:08', 'votes_listing': 3, 'votes_running': 0, 'listing_auths': 'dannenberg dizum tor26', 'onionoo_running': False, 'onionoo_last_seen': '2026-10-04 23:00:00', 'onionoo_last_restarted': '2026-10-08 11:21:08'}

== never voted BadExit/MiddleOnly: 57 (Quetzalcoatl 14, FranTech 32)
   newest descriptor: 2026-10-03 10:26:02 .. 2026-10-08 22:49:30
   newest policy: {'B': 42, 'other': 13, 'A': 2}
   authorities listing in 2026-10-08 23:00:00 : {0: 37, 1: 1, 2: 9, 3: 10}  voting Running: {0: 39, 1: 1, 2: 8, 3: 9}
   listing authorities: {'dannenberg': 10, 'dizum': 20, 'tor26': 19}
   Onionoo: present 56  running {'False': 56, '': 1}  last_seen 2026-10-02 19:00:00 .. 2026-10-05 15:00:00

==   never flagged and publishing: 20 (Quetzalcoatl 0, FranTech 10)
   newest descriptor: 2026-10-08 03:24:13 .. 2026-10-08 22:49:30
   newest policy: {'B': 12, 'other': 7, 'A': 1}
   authorities listing in 2026-10-08 23:00:00 : {1: 1, 2: 9, 3: 10}  voting Running: {0: 2, 1: 1, 2: 8, 3: 9}
   listing authorities: {'dannenberg': 10, 'dizum': 20, 'tor26': 19}
   Onionoo: present 19  running {'False': 19, '': 1}  last_seen 2026-10-02 19:00:00 .. 2026-10-05 15:00:00

== 07DCECDF in recent votes: 57 entries, 19 rounds 2026-10-08 05:00:00 .. 2026-10-08 23:00:00
   descriptor publication times seen: ['2026-10-08 04:35:57']
   authorities: {'dannenberg': 19, 'dizum': 19, 'tor26': 19}  Running votes: 3
   CollecTor newest: 2026-10-08 04:35:57  Onionoo: {'running': False, 'last_seen': '2026-10-05 12:00:00', 'last_restarted': '2026-10-08 04:35:42', 'flags': ['Fast', 'Running', 'Stable', 'Valid']}

== 9CDB4020 now: flags: BadExit Fast MiddleOnly Running Stable Valid | p: reject 23,25,110,143,445,465,587,1433,3306,3389,5432,6379,27017
   first consensus with BadExit: 2026-08-17 17:00:00  with MiddleOnly: 2026-08-17 19:00:00
