== Inputs
descriptors: ('2026-04-25 13:11:43', '2026-10-07 02:18:04', 2767399)
consensuses: ('2026-05-01 00:00:00', '2026-10-07 02:00:00', 3810)
family fingerprints (seeds 362 + family-contact 764, union) = 764; family contact strings: 1
FranTech AS53667 IPv4 addresses in ip_as: 165
victims: recomputed from policy.summary 377, victim table 377, victims.csv 377, all equal: True
family victims: victims.csv column 277, task definition 277, equal: True

== Contacts and IPs of victims
victims whose contact string changed during the window: 6 (all attacker descriptors of every victim carry one contact)
   7E2FF265BE20E154CED120D46E39058F6CCC34D7 sh97US104R: 2 contact strings, changes at 2026-08-10 12:29:51
   982FF2DAC80C1454E826B43F8FF003CF2CDC1CD7 mbserver: 2 contact strings, changes at 2026-06-15 22:39:08, 2026-06-26 12:55:20
   C3233B1747A970F7043F090409F5893A9064EDE1 DicedOnions: 2 contact strings, changes at 2026-05-11 04:49:18, 2026-05-17 08:01:07
   DB451037C23AF3D028AE1B7E2F82BE5CA77B98A5 NgePTimE: 5 contact strings, changes at 2026-05-11 15:07:07, 2026-05-13 04:21:24, 2026-07-23 21:16:24, 2026-09-26 10:15:15, 2026-09-27 23:10:41
   E8953FFF6D47182B07C6D3F0E092F83D8E45D62F dead: 2 contact strings, changes at 2026-05-13 21:12:48
   FC088734EA8D7E6347D527815202B47830997614 drear: 2 contact strings, changes at 2026-05-13 22:20:26
victims whose first-attacker-descriptor IP differs from the last-descriptor IP, or whose attacker descriptors span several IPs/ASes: 0
victims with an unmapped IP: 0

== Reference consensus 2026-10-01 14:00:00: 9428 relays (3 without the referenced descriptor in the DB -> latest descriptor <= valid-after)

== (1) Unique operators impacted
total 59 = family 1 + non-family 58  (no-contact victims: 7 relays, each a separate operator)
with all no-contact relays pooled as one operator: 53 (distinct contact strings incl. 'none')
victim relays: 377 = family 277 + non-family 100
non-family operators by number of victim relays: {1: 44, 2: 7, 3: 3, 4: 1, 5: 1, 8: 1, 16: 1}

== (2) Impacted operators with a FranTech relay (same exact contact, any descriptor 2026-05-01..)
any time in window: 47 of 59 (family 1, non-family 46)
in the reference consensus: 45 of 59
with a VICTIM relay on FranTech: 47 of 59
pre-window descriptors (published < 2026-05-01) add FranTech relays for: 0 operators
ALL impacted operators had a FranTech relay: False
impacted operators WITHOUT any FranTech relay: 12 (victim relays 19, hosts 16)
   TorDola                    victims 5 15CA183DC161A0AF6FACDD7A0B6DA84C593E8D09 4F72DEF09B015E9B6F210597083D95D8A3BC38AD 8B2CCF2A27D52CEE3DC055C1AD11E3755104F601 C6AA7656909FA64A03EFBA40DD294D4BD79AA3E0 EEF7AB01E5EA74DDA0AA4B691611E49299723B7E | ASes AS211720 Datashield, Inc.=5 | relays with this contact in window 5 | FranTech via contact variant: 0, via declared MyFamily: 0
   dn3a                       victims 2 144C5DBEBD925D54A246A10832CBB293EE84C834 1D9FE06D792BB0FE3B92BC22FE37C28CECD8BF54 | ASes AS399646 Snaju Development=2 | relays with this contact in window 7 | FranTech via contact variant: 0, via declared MyFamily: 0
   sh97US104R                 victims 2 51E6168566E9A3009905C290E2EA9C7F69459666 7E2FF265BE20E154CED120D46E39058F6CCC34D7 | ASes AS400304 Redoubt Networks=2 | relays with this contact in window 14 | FranTech via contact variant: 0, via declared MyFamily: 0
   mbserver                   victims 2 784F844502720B0B88648E3FE09248723F2B318B 982FF2DAC80C1454E826B43F8FF003CF2CDC1CD7 | ASes AS200019 ALEXHOST SRL=2 | relays with this contact in window 2 | FranTech via contact variant: 0, via declared MyFamily: 0
   MyTorGuardRelay1           victims 1 54955A17DDCEBD1BC64A3C4092774EA7FC682CC4 | ASes AS200019 ALEXHOST SRL=1 | relays with this contact in window 1 | FranTech via contact variant: 0, via declared MyFamily: 0
   ZEYS                       victims 1 5F6FBB9B007F7E5F6E73BCD2012437815E23139F | ASes AS27176 DataWagon LLC=1 | relays with this contact in window 2 | FranTech via contact variant: 0, via declared MyFamily: 0
   MDrelay                    victims 1 7BC58F5CDC4791F10E94D75E6A5AD1B9D084C963 | ASes AS200019 ALEXHOST SRL=1 | relays with this contact in window 1 | FranTech via contact variant: 0, via declared MyFamily: 0
   relayon9186                victims 1 808DED5C02DB3C23A222E15F4C098BDD099EF2BD | ASes AS133255 Elxer Communications Private Limited=1 | relays with this contact in window 1 | FranTech via contact variant: 0, via declared MyFamily: 0
   Relay                      victims 1 92A7F611B06A647CF6ADF1ACEAD7F12D83A2C1ED | ASes AS200019 ALEXHOST SRL=1 | relays with this contact in window 2 | FranTech via contact variant: 0, via declared MyFamily: 0
   InnerRelayRP (no contact, 9BB10876) victims 1 9BB108761BB27E8A87CD6677DC69DE6EB2B3BCFA | ASes AS20473 The Constant Company, LLC=1 | relays with this contact in window 1 | FranTech via contact variant: 0, via declared MyFamily: 0
   thb8b35d95b69765           victims 1 AE6507A440E9353C19C39B5448A13EB60A77B525 | ASes AS9044 BSE Software GmbH=1 | relays with this contact in window 1 | FranTech via contact variant: 0, via declared MyFamily: 0
   sk4d9f2m8x1q7w3j           victims 1 FDBEAC98530F2A4CF7FDF164695A93F6AC15BA18 | ASes AS9044 BSE Software GmbH=1 | relays with this contact in window 1 | FranTech via contact variant: 0, via declared MyFamily: 0

== (3) Impacted operators with FranTech relays that also had relays outside FranTech
non-family: 46 operators with FranTech relays;
   reference consensus: 12 of them also had relays on other ASes: 50 such relays, 0 hit
   any time in window: 13 had relays never seen on FranTech: 105 such relays, 0 hit
   operators with a victim relay outside FranTech: 0
      dead                       FranTech ref 2/2 hit | other ASes ref AS211507 Julian Achter 0/5; AS198189 Throttle Limited 0/2; AS211619 MAXKO d.o.o. 0/2; AS215659 Aokigahara SRL 0/2; AS202412 Omegatech LTD 0/1; AS213790 Limited Network LTD 0/1; AS213250 Dominic Scholz trading as ITP-Solutions GmbH & Co. KG 0/1; AS47890 UNMANAGED LTD 0/1; AS51765 Oy Crea Nova Hosting Solution Ltd 0/1; AS200912 Joel Krause 0/1; AS40662 Layer7 Technologies Inc 0/1
      Polyphemus                 FranTech ref 16/16 hit | other ASes ref AS398101 GoDaddy.com, LLC 0/5; AS16276 OVH SAS 0/3
      4715                       FranTech ref 2/2 hit | other ASes ref AS56655 Gigahost AS 0/6
      Alberta                    FranTech ref 1/1 hit | other ASes ref AS141995 Contabo Asia Private Limited 0/3; AS328364 Host Africa (Pty) Ltd 0/1; AS207656 Epinatura LLC 0/1; AS51167 Contabo GmbH 0/1
      azadisrvs2                 FranTech ref 1/1 hit | other ASes ref AS24940 Hetzner Online GmbH 0/1; AS197540 netcup GmbH 0/1; AS2856 British Telecommunications Limited 0/1
      luxvptorex                 FranTech ref 1/1 hit | other ASes ref AS11232 Midcontinent Communications 0/2
      thankssnowden0             FranTech ref 1/1 hit | other ASes ref AS8560 IONOS SE 0/1; AS31898 Oracle Corporation 0/1
      klaxhex                    FranTech ref 1/1 hit | other ASes ref AS8560 IONOS SE 0/1
      2mpe4                      FranTech ref 2/2 hit | other ASes ref AS7922 Comcast Cable Communications, LLC 0/1
      Triangulum1                FranTech ref 0/0 hit | other ASes ref AS16276 OVH SAS 0/1
      TorDotTeitelNet            FranTech ref 1/1 hit | other ASes ref AS16276 OVH SAS 0/1
      vlado                      FranTech ref 1/1 hit | other ASes ref AS50360 Tamatiya EOOD 0/1
      (any time only) TheSecondRelay             relays never on FranTech: 1, hit 0
family: 1 operators with FranTech relays;
   reference consensus: 1 of them also had relays on other ASes: 225 such relays, 225 hit
   any time in window: 1 had relays never seen on FranTech: 716 such relays, 229 hit
   operators with a victim relay outside FranTech: 1
all impacted operators with >= 1 victim relay outside FranTech: 13 (family 1, non-family 12: dn3a, TorDola, sh97US104R, MyTorGuardRelay1, ZEYS, mbserver, MDrelay, relayon9186, Relay, InnerRelayRP (no contact, 9BB10876), thb8b35d95b69765, sk4d9f2m8x1q7w3j)
non-family operators with victims both on and off FranTech: 0 []

== (4) FranTech share of the impact (AS at first attacker descriptor; last-IP variant in brackets)
all        relays 129/377 = 34.2 % [129/377 = 34.2 %] | hosts 82/147 = 55.8 % [82/147 = 55.8 %]
non-family relays 81/100 = 81.0 % [81/100 = 81.0 %] | hosts 58/74 = 78.4 % [58/74 = 78.4 %]
family     relays 48/277 = 17.3 % [48/277 = 17.3 %] | hosts 24/73 = 32.9 % [24/73 = 32.9 %]
operators: with a victim on FranTech 47/59 = 79.7 %; non-family 46/58 = 79.3 %; family 1/1 = 100.0 %
operators: with any FranTech relay 47/59 = 79.7 %; non-family 46/58 = 79.3 %
operators (no-contact pooled): with a victim on FranTech 42 of 53
hosts shared by family and non-family victims: 0 ; total hosts 147
victims by AS (all / non-family / family):
   AS53667 FranTech Solutions                    129 /  81 /  48   hosts 82
   AS36352 HostPapa                              125 /   0 / 125   hosts 27
   AS197540 netcup GmbH                           40 /   0 /  40   hosts 14
   AS141995 Contabo Asia Private Limited          24 /   0 /  24   hosts 3
   AS51167 Contabo GmbH                           16 /   0 /  16   hosts 2
   AS211619 MAXKO d.o.o.                          16 /   0 /  16   hosts 2
   AS40021 Contabo Inc.                            8 /   0 /   8   hosts 1
   AS211720 Datashield, Inc.                       5 /   5 /   0   hosts 5
   AS200019 ALEXHOST SRL                           5 /   5 /   0   hosts 4
   AS399646 Snaju Development                      2 /   2 /   0   hosts 1
   AS400304 Redoubt Networks                       2 /   2 /   0   hosts 1
   AS9044 BSE Software GmbH                        2 /   2 /   0   hosts 2
   AS27176 DataWagon LLC                           1 /   1 /   0   hosts 1
   AS133255 Elxer Communications Private Limited   1 /   1 /   0   hosts 1
   AS20473 The Constant Company, LLC               1 /   1 /   0   hosts 1

== (5) Reference-consensus hit rates, non-family relays
inside FranTech: 71/101 = 70.3 % ; outside: 13/9054 = 0.144 %
inside FranTech hosts: 56/85 hit
inside FranTech operators (exact contact; no-contact separate): 44/59 hit
operator level (non-family, reference consensus): operators with a FranTech relay 44/59 hit; operators without 10/3604 hit
family in reference consensus: 273/273 = 100.0 % hit
victims not in the reference consensus: 20 (family 4, non-family 16)
non-family hits outside FranTech at reference, by AS: AS200019 ALEXHOST SRL 4/23; AS211720 Datashield, Inc. 4/5; AS9044 BSE Software GmbH 2/3; AS20473 The Constant Company, LLC 1/95; AS399646 Snaju Development 1/6; AS27176 DataWagon LLC 1/8

== (6) The family by AS
ASes with family relays at reference: 7; ASes with family victims: 7; providers (Contabo's 3 ASes as one): 5
   AS36352 HostPapa                              reference 123/123 hit | victims 125 (hosts 27)
   AS53667 FranTech Solutions                    reference 48/48 hit | victims 48 (hosts 24)
   AS197540 netcup GmbH                          reference 39/39 hit | victims 40 (hosts 14)
   AS141995 Contabo Asia Private Limited         reference 23/23 hit | victims 24 (hosts 3)
   AS211619 MAXKO d.o.o.                         reference 16/16 hit | victims 16 (hosts 2)
   AS51167 Contabo GmbH                          reference 16/16 hit | victims 16 (hosts 2)
   AS40021 Contabo Inc.                          reference 8/8 hit | victims 8 (hosts 1)
family fingerprints by AS of any descriptor address in the window (a relay can count on several ASes): AS210558 1337 Services GmbH 592; AS36352 HostPapa 142; AS53667 FranTech Solutions 48; AS197540 netcup GmbH 40; AS211619 MAXKO d.o.o. 40; AS51167 Contabo GmbH 24; AS141995 Contabo Asia Private Limited 24; AS40021 Contabo Inc. 16; unmapped 8

== Extra context
non-family impacted operators with FranTech relays but none in the reference consensus: 2 [('Triangulum1', ['7417085A0CC99550CF82ADD3F7B1CD01E64AAADE']), ('Unnamed (no contact, C9FEFBF4)', ['C9FEFBF4854435A0CA9A9721DB2E873047AB9B99'])]
victims not in the reference consensus:
   1D9FE06D792BB0FE3B92BC22FE37C28CECD8BF54 dn3a               AS399646 Snaju Development family=0 first attacker descriptor 2026-10-03 10:40:56
   2325905203E9CFB5206D6811315EB5ED57AF97BD devvulNY           AS53667 FranTech Solutions family=0 first attacker descriptor 2026-10-03 11:02:51
   3A78F9C8C874866F430D31188F7C98322AF2E9AC devvulMI           AS53667 FranTech Solutions family=0 first attacker descriptor 2026-10-03 11:04:30
   4393B1E33C2E3ECEDDEB8C1DCC7DBA9E83046780 Quetzalcoatl       AS141995 Contabo Asia Private Limited family=1 first attacker descriptor 2026-10-02 09:32:06
   51E6168566E9A3009905C290E2EA9C7F69459666 sh97US104R         AS400304 Redoubt Networks family=0 first attacker descriptor 2026-10-03 10:42:49
   7417085A0CC99550CF82ADD3F7B1CD01E64AAADE Triangulum1        AS53667 FranTech Solutions family=0 first attacker descriptor 2026-10-01 15:36:56
   784F844502720B0B88648E3FE09248723F2B318B mbserver           AS200019 ALEXHOST SRL family=0 first attacker descriptor 2026-10-03 10:43:33
   7E2FF265BE20E154CED120D46E39058F6CCC34D7 sh97US104R         AS400304 Redoubt Networks family=0 first attacker descriptor 2026-10-03 10:27:36
   808DED5C02DB3C23A222E15F4C098BDD099EF2BD relayon9186        AS133255 Elxer Communications Private Limited family=0 first attacker descriptor 2026-10-01 15:36:44
   91D9FFB5030F645818505EF983AF8AA4EE2D00A7 azadisrvs2         AS53667 FranTech Solutions family=0 first attacker descriptor 2026-10-03 10:39:20
   95AA4899FA8F312323C2628B2AFD45EF7D6005C7 devvulLV           AS53667 FranTech Solutions family=0 first attacker descriptor 2026-10-03 11:46:10
   AA4644F0EC589EEA2F501BB867E32E599F8169DA Quetzalcoatl       AS197540 netcup GmbH family=1 first attacker descriptor 2026-10-02 09:32:13
   BC7A5E911554477F7346FA9B680250D1D84B14AF 2mpe4c             AS53667 FranTech Solutions family=0 first attacker descriptor 2026-10-02 09:29:26
   C9FEFBF4854435A0CA9A9721DB2E873047AB9B99 Unnamed            AS53667 FranTech Solutions family=0 first attacker descriptor 2026-10-03 10:41:09
   E207721091F48D6A02A2F8F0BFF438A714279B81 devvulLU           AS53667 FranTech Solutions family=0 first attacker descriptor 2026-10-03 11:02:21
   EEF7AB01E5EA74DDA0AA4B691611E49299723B7E TorDola4           AS211720 Datashield, Inc. family=0 first attacker descriptor 2026-10-04 08:26:36
   F507D9EEC750FCE6020EF8450D9A25DBE7ADA92A JACKofNINES        AS53667 FranTech Solutions family=0 first attacker descriptor 2026-10-01 15:36:45
   F532DA2085F87777CE05EA947BF7B4F49B625754 Quetzalcoatl       AS36352 HostPapa family=1 first attacker descriptor 2026-10-02 09:27:42
   FB668CDBACC89F6E299ADEF7E3F7A12047705361 Quetzalcoatl       AS36352 HostPapa family=1 first attacker descriptor 2026-10-02 09:30:48
   FEDA854291A94B8CA5BB6920AE100346EBC4E522 4715               AS53667 FranTech Solutions family=0 first attacker descriptor 2026-10-04 22:21:18
non-family operators with >= 1 FranTech relay at any time in the window: 141; impacted: 46; not impacted: 95
FranTech relays (fingerprints) at any time in the window: 234 (non-family 186), victims among them 129 (non-family 81)

wrote net/email_operator_pattern.csv (59 operators)
