affected relays with an earlier descriptor: 366  without (new keys): 11

Quetzalcoatl -> B: 277 relays
   ports opened per relay: min 65235 max 65235
   opened, key ports: {22: 277, 23: 277, 110: 277, 143: 277, 3389: 277, 6667: 277, 6697: 277}
   closed, all ports (port: relays): {563: 277, 993: 277, 995: 277}

other -> A: 44 relays
   ports opened per relay: min 0 max 65510
   opened, key ports: {21: 5, 22: 26, 23: 24, 53: 1, 6667: 10, 6697: 10}
   closed, all ports (port: relays): {993: 37, 995: 37, 110: 36, 143: 36, 3389: 23, 465: 7, 587: 7, 135: 6, 137: 6, 138: 6, 139: 6, 445: 6}

other -> B: 21 relays
   ports opened per relay: min 0 max 65307
   opened, key ports: {21: 7, 22: 15, 23: 10, 53: 1, 110: 8, 143: 8, 3389: 10, 6667: 6, 6697: 6}
   closed, all ports (port: relays): {993: 20, 995: 20, 563: 15, 119: 9, 135: 9, 136: 9, 137: 9, 138: 9, 139: 9, 1214: 9, 4661: 9, 4662: 9, 4663: 9, 4664: 9, 4665: 9, 4666: 9, 6346: 9, 6347: 9, 6348: 9, 6349: 9, 6350: 9, 6351: 9, 6352: 9, 6353: 9, 6354: 9}

other -> B (was non-exit): 24 relays
   ports opened per relay: min 65311 max 65311
   opened, key ports: {21: 24, 22: 24, 23: 24, 53: 24, 80: 24, 110: 24, 143: 24, 443: 24, 3389: 24, 6667: 24, 6697: 24}
   closed, all ports (port: relays): {}

all groups, opened, key ports: {21: 36, 22: 342, 23: 335, 53: 26, 80: 24, 110: 309, 143: 309, 443: 24, 3389: 311, 6667: 317, 6697: 317}
all groups, closed (top): {993: 334, 995: 334, 563: 292, 110: 36, 143: 36, 3389: 23, 135: 15, 137: 15, 138: 15, 139: 15, 445: 14, 465: 13}

10-01 14:00: 2767 other relays with an exit policy; A's mail mix (all mail closed): 1085; B's mail mix (110/143 open, 465/587/993/995 closed): 3
    accept 20-21,53,80,110,143,443,873,1194
    accept 20-21,23,43,53,79-81,88,110,143,194,220,389,443,464,531,543-544,554,563,636,706,749,853,873,902-904,981,989-992,994,1194,1220,1293,1500,1533,1677,1723,17
    accept 20-23,43,53,79-80,110,143,443,8080,8443
   allow 22: 1120  allow 23: 1127  allow 993 and 995: 1665
05-01..10-01 14:00: 16859 relays in any consensus; other relays ever with B's mail mix: 4
