2025-01 descriptors 413265 distinct 413265 A 0 B 0 A-order 7-prefix 0 exactly 7 mail ports 76
2025-02 descriptors 390159 distinct 390159 A 0 B 0 A-order 7-prefix 0 exactly 7 mail ports 0
2025-03 descriptors 492385 distinct 492385 A 0 B 0 A-order 7-prefix 0 exactly 7 mail ports 0
2025-04 descriptors 460446 distinct 460446 A 0 B 0 A-order 7-prefix 0 exactly 7 mail ports 0
2025-05 descriptors 487975 distinct 487975 A 0 B 0 A-order 7-prefix 0 exactly 7 mail ports 0
2025-06 attempt 1 failed: invalid compressed data
2025-09 attempt 1 failed: invalid compressed data
2025-06 descriptors 481308 distinct 481308 A 0 B 0 A-order 7-prefix 0 exactly 7 mail ports 0
2025-07 descriptors 463587 distinct 463587 A 0 B 0 A-order 7-prefix 0 exactly 7 mail ports 0
2025-08 descriptors 479627 distinct 479627 A 0 B 0 A-order 7-prefix 0 exactly 7 mail ports 0
2025-09 descriptors 479973 distinct 479973 A 0 B 0 A-order 7-prefix 0 exactly 7 mail ports 6
2025-10 descriptors 470951 distinct 470951 A 0 B 0 A-order 7-prefix 65 exactly 7 mail ports 0
2025-11 descriptors 552635 distinct 552635 A 0 B 0 A-order 7-prefix 0 exactly 7 mail ports 0
2025-12 descriptors 622353 distinct 622353 A 0 B 0 A-order 7-prefix 0 exactly 7 mail ports 0

2025 total descriptors 5794664  distinct (sum of months) 5794664

== A: 0 descriptors, 0 relays

== B: 0 descriptors, 0 relays

== prefix: 65 descriptors, 1 relays
   87BF0F86B12EF5CD8DBB890A48457A67E71EDFF2 NeonCitadel01        23.137.254.142   2025-10-08 06:47:28 .. 2025-10-21 10:13:42 (65) order(s): 25,465,587,110,143,993,995,6881-6999,51413,8999,*

== exact7: 82 descriptors, 4 relays
   6440AE7F0332C24251CB02F7DCF3ADFB67F1CBA2 AntiEU               23.137.254.217   2025-01-09 14:53:27 .. 2025-01-09 21:34:05 (3) order(s): 25,587,465,143,993,110,995,*
   2D9D4F0D298C68044F2476DFCB191CEBCE7AC860 FentanylReactor      193.142.147.196  2025-01-16 17:04:52 .. 2025-01-26 22:10:06 (73) order(s): 25,587,465,143,993,110,995,*
   3B049EBC7348BB93F49D93667E7EFF8BF0650781 art1kel              45.38.20.42      2025-09-01 09:49:32 .. 2025-09-02 09:25:11 (4) order(s): 25,110,143,465,587,993,995,*
   82CF1AC0CD39176DB71E7BDA4372A102C4C3899D art1kel              152.53.200.42    2025-09-01 13:44:51 .. 2025-09-02 07:44:53 (2) order(s): 25,110,143,465,587,993,995,*
rc=0
