1. TorDola policy changes (ordered wildcard rules)
  15CA183DC161A0AF6FACDD7A0B6DA84C593E8D09 2026-09-01 23:53:45 * 
  15CA183DC161A0AF6FACDD7A0B6DA84C593E8D09 2026-09-01 23:56:10 25,465,587,110,995,143,993,* 
  15CA183DC161A0AF6FACDD7A0B6DA84C593E8D09 2026-09-01 23:58:05 20-23,43,53,79-81,88,110,143,194,220,389,443,464 
  15CA183DC161A0AF6FACDD7A0B6DA84C593E8D09 2026-09-26 06:10:06 25,465,587,110,143,993,995,* PREFIX7
  15CA183DC161A0AF6FACDD7A0B6DA84C593E8D09 2026-09-28 17:39:35 25,465,587,110,143,993,995,* PREFIX7
  15CA183DC161A0AF6FACDD7A0B6DA84C593E8D09 2026-10-01 14:44:25 25,465,587,110,143,993,995,3389,* PREFIX7
  15CA183DC161A0AF6FACDD7A0B6DA84C593E8D09 2026-10-01 14:49:57 25,465,587,110,143,993,995,3389,135,137-139,445,* PREFIX7
  4F72DEF09B015E9B6F210597083D95D8A3BC38AD 2026-09-02 15:04:45 20-23,43,53,79-81,88,110,143,194,220,389,443,464 
  4F72DEF09B015E9B6F210597083D95D8A3BC38AD 2026-09-26 06:10:07 25,465,587,110,143,993,995,* PREFIX7
  4F72DEF09B015E9B6F210597083D95D8A3BC38AD 2026-10-01 14:44:20 25,465,587,110,143,993,995,3389,* PREFIX7
  4F72DEF09B015E9B6F210597083D95D8A3BC38AD 2026-10-01 14:49:51 25,465,587,110,143,993,995,3389,135,137-139,445,* PREFIX7
  8B2CCF2A27D52CEE3DC055C1AD11E3755104F601 2026-09-29 01:21:13 25,465,587,110,143,993,995,* PREFIX7
  8B2CCF2A27D52CEE3DC055C1AD11E3755104F601 2026-10-01 14:44:28 25,465,587,110,143,993,995,3389,* PREFIX7
  8B2CCF2A27D52CEE3DC055C1AD11E3755104F601 2026-10-01 14:50:00 25,465,587,110,143,993,995,3389,135,137-139,445,* PREFIX7
  C6AA7656909FA64A03EFBA40DD294D4BD79AA3E0 2026-09-30 13:46:12 25,465,587,110,143,993,995,* PREFIX7
  C6AA7656909FA64A03EFBA40DD294D4BD79AA3E0 2026-10-01 14:44:31 25,465,587,110,143,993,995,3389,* PREFIX7
  C6AA7656909FA64A03EFBA40DD294D4BD79AA3E0 2026-10-01 14:50:03 25,465,587,110,143,993,995,3389,135,137-139,445,* PREFIX7
2. Flags on attacker p lines
  2026-10-05 10:00:00 attacker_p=126 attacker_p_flagged=110 victims_flagged=124
  2026-10-05 11:00:00 attacker_p=262 attacker_p_flagged=196 victims_flagged=208
  2026-10-05 12:00:00 attacker_p=253 attacker_p_flagged=0 victims_flagged=1
3. Usable attacker exit weight
  2026-10-04 18:00:00 n=281 pct=4.25
  2026-10-04 19:00:00 n=229 pct=4.007
  2026-10-04 20:00:00 n=107 pct=2.728
  2026-10-04 21:00:00 n=12 pct=0.771
  2026-10-04 22:00:00 n=12 pct=0.769
  2026-10-04 23:00:00 n=13 pct=0.768
  2026-10-05 00:00:00 n=13 pct=0.783
  2026-10-05 01:00:00 n=13 pct=0.783
  2026-10-05 02:00:00 n=13 pct=0.776
  2026-10-05 03:00:00 n=13 pct=0.777
  2026-10-05 04:00:00 n=13 pct=0.777
  2026-10-05 05:00:00 n=13 pct=0.777
  2026-10-05 06:00:00 n=13 pct=0.776
  2026-10-05 07:00:00 n=13 pct=0.776
  2026-10-05 08:00:00 n=13 pct=0.78
  2026-10-05 09:00:00 n=13 pct=0.774
  2026-10-05 10:00:00 n=13 pct=0.774
  2026-10-05 11:00:00 n=13 pct=0.774
  2026-10-05 12:00:00 n=13 pct=0.767
  2026-10-05 13:00:00 n=13 pct=0.769
  2026-10-05 14:00:00 n=12 pct=0.774
  2026-10-05 15:00:00 n=12 pct=0.772
  2026-10-05 16:00:00 n=0 pct=0.0
4. unique archive digests=2708849 db rows=2671204 union=5326868
