last consensus scanned: 2026-10-07 02:00:00 ; last descriptor published: 2026-10-07 02:18:04
victims (relays with >=1 attacker-class descriptor): 377
  by first attacker class: Counter({'near-open': 331, 'OUR_POLICY': 46})
  attacker policy from first descriptor in window (long-standing or new relay): 11
  first attacker descriptor before 2026-10-01: 0
  family members among victims: 277
  last descriptor still attacker-class: 351
  ever BadExit: 230  ever MiddleOnly: 227
  by AS: [('AS53667 FranTech Solutions', 129), ('AS36352 HostPapa', 125), ('AS197540 netcup GmbH', 40), ('AS141995 Contabo Asia Private Limited', 24), ('AS51167 Contabo GmbH', 16), ('AS211619 MAXKO d.o.o.', 16), ('AS40021 Contabo Inc.', 8), ('AS211720 Datashield, Inc.', 5), ('AS200019 ALEXHOST SRL', 5), ('AS399646 Snaju Development', 2), ('AS400304 Redoubt Networks', 2), ('AS9044 BSE Software GmbH', 2), ('AS27176 DataWagon LLC', 1), ('AS133255 Elxer Communications Private Limited', 1), ('AS20473 The Constant Company, LLC', 1)]
  operators: 53
     277  email:Quetzalcoatl_relays[]proton.me url:https://quetzalcoatl-relays.org proof:uri-rsa hoster:rdp.sh donationurl:https://quetzalcoatl-relays.org/#supp
      16  Brandon Kuschel <tor AT NOSPAM brandonkuschel dot com>
       8  < asara AT devvul DOT com >
       7  (no contact line)
       5  dolas422@gazeta.pl
       4  email:torix[]protonmail.com url:https://torix-relays.org proof:uri-rsa hoster:Frantech ciissversion:2
       3  DoNotDisturb AT NoContact NoWarnings
       3  email:tor [] middelstaedt dot com url:https://middelstaedt.com proof:uri-rsa abuse:abuse [] middelstaedt dot com pgp:A0D46E5E01288C9743B28774C74E950EB
       3  Stan <favorite0ne@proton.me>
       2  t(at)randomperson(dot)com
       2  gleepdorf AT proton DOT me
       2  tor@sully.plus
       2  stealthprivacy.eu
       2  diyarciftciatprotonmaildotcom
       2  mb-server <tor AT mb-server dot com>
       2  Satanist <admin AT 2cb dot su>
       1  sysadmin@klaxzy.net
       1  <DONTPANIC> <gmx.co.uk>
       1  dhnet.torcontact@gmail.com
       1  3ipfnszc[at]duck.com
       1  TINK 28 at mailbox.org
       1  mailforhkvps@atomicmail.io
       1  tor@privatebrowing.org
       1  0x8acbab2d00b6adef81416beaf815d5cd87d25b75 Likogan admin(at)likogan(dot)dev
       1  Random Person <thud_erasure020@simplelogin.com>
       1  email:denny.obreham[]a-n-o-n-y-m-e.net url:https://a-n-o-n-y-m-e.net proof:uri-rsa donationurl:https://a-n-o-n-y-m-e.net ciissversion:2
       1  damienjamesh at yahoo dot com
       1  Ralph Copeland <copelandhosting AT pissmail dot com>
       1  name is Blaze --- blazeready@Mail.com
       1  copia297@proton.me
earliest attacker-class descriptors anywhere: [('2026-10-01 14:49:51', '4F72DEF09B015E9B6F210597083D95D8A3BC38AD', 'TorDola1', '185.231.33.82', 'OUR_POLICY'), ('2026-10-01 14:49:57', '15CA183DC161A0AF6FACDD7A0B6DA84C593E8D09', 'TorDola', '185.56.83.3', 'OUR_POLICY'), ('2026-10-01 14:50:00', '8B2CCF2A27D52CEE3DC055C1AD11E3755104F601', 'TorDola2', '185.56.83.4', 'OUR_POLICY'), ('2026-10-01 14:50:03', 'C6AA7656909FA64A03EFBA40DD294D4BD79AA3E0', 'TorDola3', '185.56.83.5', 'OUR_POLICY'), ('2026-10-01 15:33:55', '2B4D5AA9997D4DDFF02BC52E173CF0C8FFFD1B9C', 'JustExiting', '199.195.253.124', 'OUR_POLICY')]
earliest near-open ('2026-10-02 09:27:42', 'F532DA2085F87777CE05EA947BF7B4F49B625754', 'Quetzalcoatl', '104.168.0.177')
earliest OUR_POLICY ('2026-10-01 14:49:51', '4F72DEF09B015E9B6F210597083D95D8A3BC38AD', 'TorDola1', '185.231.33.82')
transitions: 435 Counter({'into': 370, 'out': 30, 'between-attacker-classes': 24, 'into(first-descriptor)': 11})
waves (<=15 min): 19
  wave 1 2026-10-01 14:49:51 .. 2026-10-01 14:50:03 events=4 relays=4 hosts=4 fam=0 ops=1 into:OUR_POLICY=4 | reload=4 | AS211720 Datashield, Inc.=4 | inv str/num/nodot 0/3/0 of 6
  wave 2 2026-10-01 15:33:55 .. 2026-10-01 15:39:19 events=40 relays=40 hosts=28 fam=0 ops=21 into:OUR_POLICY=40 | reload=38; restart=2 | AS53667 FranTech Solutions=39; AS133255 Elxer Communications Private Limited=1 | inv str/num/nodot 112/140/112 of 378
  wave 3 2026-10-02 09:27:42 .. 2026-10-02 09:44:12 events=316 relays=316 hosts=108 fam=277 ops=29 into:near-open=292; between-attacker-classes:near-open=15; out:accept-list=8; out:other-reject-list=1 | reload=311; restart=5 | AS36352 HostPapa=125; AS53667 FranTech Solutions=87; AS197540 netcup GmbH=40; AS141995 Contabo Asia Private Limited=24; AS51167 Contabo GmbH=16; AS211619 MAXKO  | inv str/num/nodot 2614/2016/2608 of 5778
  wave 4 2026-10-02 10:15:20 .. 2026-10-02 10:21:10 events=5 relays=5 hosts=5 fam=0 ops=4 into:near-open=5 | reload=5 | AS53667 FranTech Solutions=4; AS9044 BSE Software GmbH=1 | inv str/num/nodot 5/9/5 of 10
  wave 5 2026-10-02 11:51:14 .. 2026-10-02 11:51:14 events=1 relays=1 hosts=1 fam=0 ops=1 into:near-open=1 | reload=1 | AS9044 BSE Software GmbH=1 | inv str/num/nodot 0/0/0 of 0
  wave 6 2026-10-02 14:26:22 .. 2026-10-02 14:26:22 events=1 relays=1 hosts=1 fam=0 ops=1 into:near-open=1 | reload=1 | AS27176 DataWagon LLC=1 | inv str/num/nodot 0/0/0 of 0
  wave 7 2026-10-02 18:53:05 .. 2026-10-02 18:53:05 events=1 relays=1 hosts=1 fam=0 ops=1 into:near-open=1 | reload=1 | AS53667 FranTech Solutions=1 | inv str/num/nodot 0/0/0 of 0
  wave 8 2026-10-03 10:26:02 .. 2026-10-03 11:04:30 events=23 relays=23 hosts=15 fam=0 ops=11 into:near-open=15; into(first-descriptor):near-open=8 | restart=14; first=8; reload=1 | AS53667 FranTech Solutions=17; AS400304 Redoubt Networks=2; AS399646 Snaju Development=2; AS200019 ALEXHOST SRL=2 | inv str/num/nodot 57/48/57 of 105
  wave 9 2026-10-03 11:46:10 .. 2026-10-03 11:46:10 events=1 relays=1 hosts=1 fam=0 ops=1 into(first-descriptor):near-open=1 | first=1 | AS53667 FranTech Solutions=1 | inv str/num/nodot 0/0/0 of 0
  wave 10 2026-10-03 13:28:38 .. 2026-10-03 13:28:38 events=1 relays=1 hosts=1 fam=0 ops=1 into:near-open=1 | restart=1 | AS20473 The Constant Company, LLC=1 | inv str/num/nodot 0/0/0 of 0
  wave 11 2026-10-03 16:17:09 .. 2026-10-03 16:18:40 events=4 relays=4 hosts=4 fam=0 ops=4 into:near-open=4 | restart=4 | AS200019 ALEXHOST SRL=3; AS53667 FranTech Solutions=1 | inv str/num/nodot 0/3/0 of 6
  wave 12 2026-10-04 08:26:36 .. 2026-10-04 08:26:36 events=1 relays=1 hosts=1 fam=0 ops=1 into(first-descriptor):OUR_POLICY=1 | first=1 | AS211720 Datashield, Inc.=1 | inv str/num/nodot 0/0/0 of 0
  wave 13 2026-10-04 17:49:24 .. 2026-10-04 17:52:02 events=6 relays=6 hosts=6 fam=0 ops=4 into:near-open=6 | restart=6 | AS53667 FranTech Solutions=6 | inv str/num/nodot 6/11/5 of 15
  wave 14 2026-10-04 22:21:18 .. 2026-10-04 22:47:33 events=23 relays=23 hosts=23 fam=0 ops=19 between-attacker-classes:OUR_POLICY=9; out:non-exit=8; out:other-reject-list=4; into(first-descriptor):OUR_POLICY=1; out:accept-list=1 | restart=22; first=1 | AS53667 FranTech Solutions=18; AS200019 ALEXHOST SRL=3; AS27176 DataWagon LLC=1; AS20473 The Constant Company, LLC=1 | inv str/num/nodot 4/61/5 of 253
  wave 15 2026-10-05 06:24:35 .. 2026-10-05 06:24:35 events=1 relays=1 hosts=1 fam=0 ops=1 out:non-exit=1 | restart=1 | AS53667 FranTech Solutions=1 | inv str/num/nodot 0/0/0 of 0
  wave 16 2026-10-05 07:46:34 .. 2026-10-05 07:46:34 events=1 relays=1 hosts=1 fam=0 ops=1 out:non-exit=1 | restart=1 | AS53667 FranTech Solutions=1 | inv str/num/nodot 0/0/0 of 0
  wave 17 2026-10-06 09:14:03 .. 2026-10-06 09:14:03 events=4 relays=4 hosts=4 fam=0 ops=1 out:accept-list=4 | restart=4 | AS211720 Datashield, Inc.=4 | inv str/num/nodot 0/0/0 of 6
  wave 18 2026-10-06 12:00:43 .. 2026-10-06 12:00:43 events=1 relays=1 hosts=1 fam=0 ops=1 out:accept-list=1 | restart=1 | AS211720 Datashield, Inc.=1 | inv str/num/nodot 0/0/0 of 0
  wave 19 2026-10-06 22:40:08 .. 2026-10-06 22:40:08 events=1 relays=1 hosts=1 fam=0 ops=1 out:accept-list=1 | restart=1 | AS53667 FranTech Solutions=1 | inv str/num/nodot 0/0/0 of 0
