key-window operator bursts (20 min, >=3 hosts):
   2026-10-01 14:30 2026-10-01 14:44:20 2026-10-01 14:50:03 hosts=4 vic=4 reload=8 0/3/0 of 6 tau 0.000 | dolas422@gazeta.pl
   2026-10-01 14:30 2026-10-01 14:44:58 2026-10-01 14:47:03 hosts=5 vic=5 restart=5 9/7/9 of 10 tau 0.667 | email:Quetzalcoatl_relays[]proton.me url:https://quetzalcoatl-relays.o
   2026-10-01 14:30 2026-10-01 15:11:27 2026-10-01 15:39:22 hosts=19 vic=0 restart=19 86/94/90 of 171 tau 0.684 | email:admin[]fluffypancakes.dev url:fluffypancakes.dev proof:uri-famil
   2026-10-01 14:30 2026-10-01 15:36:30 2026-10-01 15:47:53 hosts=72 vic=72 restart=277 1184/1303/1183 of 2556 tau 1.000 | email:Quetzalcoatl_relays[]proton.me url:https://quetzalcoatl-relays.o
   2026-10-01 14:30 2026-10-01 15:36:45 2026-10-01 15:41:58 hosts=3 vic=3 reload=3; restart=3 0/2/0 of 3 tau  | Stan <favorite0ne@proton.me>
   2026-10-01 14:30 2026-10-01 15:37:16 2026-10-01 15:43:24 hosts=4 vic=4 reload=16; restart=1 0/0/0 of 6 tau 0.667 | Brandon Kuschel <tor AT NOSPAM brandonkuschel dot com>
   2026-10-01 14:30 2026-10-01 15:43:51 2026-10-01 16:50:36 hosts=3 vic=0 restart=11 1/3/1 of 3 tau  | Uu77bBt0eDko5iDrRNiXt2quIVPMNKvILk1eqJbAVk9e@posteo.ch
   2026-10-01 14:30 2026-10-01 15:52:44 2026-10-01 15:53:17 hosts=4 vic=0 restart=31 1/1/1 of 6 tau 0.667 | email:mail[]nothingtohide.nl url:nothingtohide.nl proof:uri-rsa abuse:
   2026-10-02 09:00 2026-10-02 09:13:19 2026-10-02 09:13:19 hosts=5 vic=0 reload=5 0/0/0 of 10 tau 1.000 | tor-relay-contact <at> digitalsquid <dot> co <dot> uk
   2026-10-02 09:00 2026-10-02 09:27:42 2026-10-02 09:35:18 hosts=73 vic=73 reload=273 1056/1029/1051 of 2628 tau 1.000 | email:Quetzalcoatl_relays[]proton.me url:https://quetzalcoatl-relays.o
   2026-10-02 09:00 2026-10-02 09:37:07 2026-10-02 09:58:52 hosts=7 vic=0 restart=9 14/2/14 of 21 tau  | info@syndicateguys.com
   2026-10-02 09:00 2026-10-02 09:37:50 2026-10-02 09:38:44 hosts=3 vic=3 reload=3 0/2/0 of 3 tau  | Stan <favorite0ne@proton.me>
   2026-10-02 09:00 2026-10-02 09:45:29 2026-10-02 09:45:32 hosts=32 vic=0 reload=40 16/16/16 of 496 tau 0.690 | identity:https://keyoxide.org/admin@for-privacy.net email:admin@for-pr
   2026-10-02 20:30 2026-10-02 20:04:16 2026-10-02 20:31:28 hosts=3 vic=0 restart=8 3/1/3 of 3 tau  | email:admin[]prsv.ch url:https://prsv.ch/ proof:uri-rsa ciissversion:2
   2026-10-02 20:30 2026-10-02 20:44:07 2026-10-02 20:44:47 hosts=4 vic=4 restart=4 0/3/0 of 6 tau 0.667 | < asara AT devvul DOT com >
   2026-10-03 10:00 2026-10-03 10:27:31 2026-10-03 10:40:43 hosts=4 vic=4 restart=4; start(first-desc)=4 1/4/1 of 6 tau 1.000 | < asara AT devvul DOT com >
   2026-10-03 10:00 2026-10-03 10:43:17 2026-10-03 10:46:30 hosts=3 vic=3 restart=6 3/1/3 of 3 tau  | Stan <favorite0ne@proton.me>
   2026-10-03 10:00 2026-10-03 12:00:54 2026-10-03 12:16:14 hosts=5 vic=0 restart=12 6/4/6 of 10 tau 0.667 | Uu77bBt0eDko5iDrRNiXt2quIVPMNKvILk1eqJbAVk9e@posteo.ch
   2026-10-03 10:00 2026-10-03 13:49:38 2026-10-03 13:57:32 hosts=6 vic=0 restart=15 10/9/10 of 15 tau 0.867 | email:abuse[]artikel5ev.de url:https://artikel5ev.de proof:uri-rsa cii
   2026-10-03 10:00 2026-10-03 14:04:42 2026-10-03 14:19:22 hosts=3 vic=0 restart=6 1/1/1 of 3 tau  | Uu77bBt0eDko5iDrRNiXt2quIVPMNKvILk1eqJbAVk9e@posteo.ch
   2026-10-03 10:00 2026-10-03 14:41:21 2026-10-03 14:42:17 hosts=3 vic=0 restart=3 2/0/2 of 3 tau  | giannoug|__AT-|gmail{ DOt-}com
   2026-10-03 10:00 2026-10-03 15:28:54 2026-10-03 15:35:30 hosts=4 vic=0 reload=5 5/0/5 of 6 tau 1.000 | email:toralf.foerster[]gmx.de gpg:1A376F994A9D026F13E24DCFC4EACDDE0076
   2026-10-04 00:00 2026-10-04 00:02:36 2026-10-04 00:05:56 hosts=3 vic=0 restart=6 2/2/2 of 3 tau  | tr0419@proton.me
   2026-10-04 00:00 2026-10-04 01:10:53 2026-10-04 05:47:26 hosts=72 vic=72 restart=269 1526/1151/1525 of 2556 tau 1.000 | email:Quetzalcoatl_relays[]proton.me url:https://quetzalcoatl-relays.o
   2026-10-04 00:00 2026-10-04 03:00:50 2026-10-04 03:01:00 hosts=3 vic=0 restart=3 2/2/2 of 3 tau  | hello@relaymagic.org (relaymagic.org/contact)
   2026-10-04 00:00 2026-10-04 04:14:49 2026-10-04 04:44:59 hosts=17 vic=0 restart=34 0/0/0 of 136 tau 1.000 | email:admin[]stormycloud.org url:https://stormycloud.org proof:uri-fam
   2026-10-04 00:00 2026-10-04 06:08:03 2026-10-04 06:26:14 hosts=8 vic=0 restart=8 18/18/18 of 28 tau 0.800 | url:https://ssdnodes.com email:tor-relays[]ssdnodes.com hoster:ssdnode
   2026-10-04 00:00 2026-10-04 06:43:15 2026-10-04 07:01:08 hosts=3 vic=0 restart=3 2/0/2 of 3 tau  | Uu77bBt0eDko5iDrRNiXt2quIVPMNKvILk1eqJbAVk9e@posteo.ch
   2026-10-04 00:00 2026-10-04 07:47:52 2026-10-04 08:20:32 hosts=3 vic=0 restart=5 1/1/1 of 3 tau  | Uu77bBt0eDko5iDrRNiXt2quIVPMNKvILk1eqJbAVk9e@posteo.ch
   2026-10-04 00:00 2026-10-04 08:26:32 2026-10-04 08:27:23 hosts=5 vic=5 reload=4; start(first-desc)=1 4/6/4 of 10 tau 1.000 | dolas422@gazeta.pl
   2026-10-04 00:00 2026-10-04 09:33:53 2026-10-04 09:34:02 hosts=4 vic=0 reload=4 2/3/2 of 6 tau 1.000 | email:toralf.foerster[]gmx.de gpg:1A376F994A9D026F13E24DCFC4EACDDE0076
   2026-10-04 00:00 2026-10-04 12:08:47 2026-10-04 12:34:57 hosts=5 vic=0 restart=13 2/8/2 of 10 tau 1.000 | Uu77bBt0eDko5iDrRNiXt2quIVPMNKvILk1eqJbAVk9e@posteo.ch
   2026-10-04 00:00 2026-10-04 12:28:07 2026-10-04 12:30:35 hosts=4 vic=0 restart=4 3/2/3 of 6 tau 1.000 | 0xa1@mailbox.org
   2026-10-04 00:00 2026-10-04 14:07:57 2026-10-04 14:35:07 hosts=4 vic=0 restart=7 3/3/3 of 6 tau 0.000 | Uu77bBt0eDko5iDrRNiXt2quIVPMNKvILk1eqJbAVk9e@posteo.ch
   2026-10-04 00:00 2026-10-04 17:49:21 2026-10-04 17:56:30 hosts=3 vic=3 restart=6 0/2/0 of 3 tau  | Stan <favorite0ne@proton.me>
   2026-10-04 00:00 2026-10-04 22:44:24 2026-10-04 22:57:35 hosts=3 vic=2 restart=5 1/3/1 of 3 tau  | Satanist <admin AT 2cb dot su>
   2026-10-05 08:30 2026-10-05 08:56:30 2026-10-05 10:39:50 hosts=70 vic=70 restart=253 14/1157/9 of 2415 tau 1.000 | email:Quetzalcoatl_relays[]proton.me url:https://quetzalcoatl-relays.o
   2026-10-05 08:30 2026-10-05 09:07:58 2026-10-05 09:17:12 hosts=3 vic=0 restart=4 0/0/0 of 3 tau  | Alpenwall email:alpenwall[]proton.me pgp:11F9B9631297C6E8A6ABAEB20F35F
   2026-10-05 08:30 2026-10-05 09:31:23 2026-10-05 09:36:08 hosts=4 vic=0 reload=4 1/1/1 of 6 tau  | (no contact) 83E0E694
   2026-10-05 08:30 2026-10-05 10:09:30 2026-10-05 10:45:52 hosts=4 vic=0 restart=7 0/3/0 of 6 tau  | email:BMTY90VKYRQPUJZOTH[]Safe-mail.net url:https://assange0-family.gi
   2026-10-05 08:30 2026-10-05 10:42:53 2026-10-05 10:55:11 hosts=3 vic=0 restart=9 1/3/1 of 3 tau  | 4096R/701269C611CA9526 OpenNetworX Tor Operator <tor(at)onwx.org>
   2026-10-05 20:30 2026-10-05 20:45:09 2026-10-05 21:07:48 hosts=4 vic=0 restart=32 0/0/0 of 6 tau 1.000 | Chaos Computer Club Wien (C3W) email:anonymity[]c3w.at url:https://c3w
   2026-10-05 20:30 2026-10-05 21:00:59 2026-10-05 21:01:01 hosts=3 vic=3 restart=3 2/2/2 of 3 tau  | Stan <favorite0ne@proton.me>
   2026-10-05 20:30 2026-10-05 21:07:52 2026-10-05 21:16:16 hosts=3 vic=0 restart=6 2/2/2 of 3 tau  | email:abuse[]artikel5ev.de url:https://artikel5ev.de proof:uri-rsa cii
multi-operator coincidences (gap 20 min): 919
multi-operator coincidences (gap 60 min): 88
  baseline 2026-04 [222, 117, 60, 1, 22, 18]
  baseline 2026-05 [1588, 870, 372, 17, 153, 45]
  baseline 2026-06 [1514, 679, 252, 10, 199, 27]
  baseline 2026-07 [2080, 683, 262, 16, 84, 50]
  baseline 2026-08 [1903, 870, 312, 13, 229, 89]
  baseline 2026-09 [1172, 485, 212, 16, 205, 46]
  baseline 2026-10 [200, 69, 28, 6, 27, 9]
