consensuses: 3810 2026-05-01 00:00:00 .. 2026-10-07 02:00:00 missing hourly slots: 9 ['2026-05-09 03:00:00', '2026-05-09 04:00:00', '2026-06-02 14:00:00', '2026-06-02 15:00:00', '2026-06-02 16:00:00', '2026-06-02 17:00:00', '2026-06-02 18:00:00', '2026-07-16 19:00:00', '2026-10-01 19:00:00']
BadExit/MiddleOnly batches (>=1 relay) from 2026-09-25:
    ('2026-09-25 04:00:00', 'lost', 'BadExit') 1 victims 0
    ('2026-09-25 06:00:00', 'gained', 'BadExit') 1 victims 0
    ('2026-09-25 16:00:00', 'gained', 'BadExit') 1 victims 0
    ('2026-09-25 18:00:00', 'gained', 'MiddleOnly') 1 victims 0
    ('2026-09-28 13:00:00', 'gained', 'BadExit') 1 victims 0
    ('2026-09-29 20:00:00', 'gained', 'BadExit') 6 victims 0
    ('2026-09-29 20:00:00', 'gained', 'MiddleOnly') 6 victims 0
    ('2026-10-04 21:00:00', 'gained', 'BadExit') 62 victims 62
    ('2026-10-04 21:00:00', 'gained', 'MiddleOnly') 48 victims 48
    ('2026-10-05 08:00:00', 'gained', 'MiddleOnly') 11 victims 11
    ('2026-10-05 10:00:00', 'gained', 'BadExit') 81 victims 81
    ('2026-10-05 10:00:00', 'gained', 'MiddleOnly') 81 victims 81
    ('2026-10-05 11:00:00', 'gained', 'BadExit') 86 victims 86
    ('2026-10-05 11:00:00', 'gained', 'MiddleOnly') 86 victims 86
    ('2026-10-05 11:00:00', 'lost', 'BadExit') 2 victims 2
    ('2026-10-05 11:00:00', 'lost', 'MiddleOnly') 2 victims 2
    ('2026-10-05 12:00:00', 'lost', 'BadExit') 197 victims 197
    ('2026-10-05 12:00:00', 'lost', 'MiddleOnly') 197 victims 197
    ('2026-10-05 14:00:00', 'lost', 'BadExit') 1 victims 1
    ('2026-10-05 14:00:00', 'lost', 'MiddleOnly') 1 victims 1
BadExit/MiddleOnly batches of >=3 relays before 2026-09-25:
    ('2026-05-01 01:00:00', 'first-seen-with', 'BadExit') 6 victims 0
    ('2026-05-01 01:00:00', 'first-seen-with', 'MiddleOnly') 6 victims 0
    ('2026-05-28 21:00:00', 'gained', 'BadExit') 3 victims 0
    ('2026-05-29 20:00:00', 'gained', 'MiddleOnly') 3 victims 0
    ('2026-08-17 17:00:00', 'gained', 'BadExit') 12 victims 1
    ('2026-08-17 19:00:00', 'gained', 'MiddleOnly') 12 victims 1
    ('2026-08-18 16:00:00', 'gained', 'BadExit') 5 victims 0
    ('2026-08-19 09:00:00', 'gained', 'MiddleOnly') 5 victims 0
    ('2026-08-19 14:00:00', 'lost', 'BadExit') 4 victims 0
    ('2026-08-19 14:00:00', 'lost', 'MiddleOnly') 4 victims 0
    ('2026-08-20 04:00:00', 'gained', 'BadExit') 4 victims 0
    ('2026-08-20 04:00:00', 'gained', 'MiddleOnly') 4 victims 0
    ('2026-08-21 20:00:00', 'gained', 'BadExit') 8 victims 0
    ('2026-08-22 08:00:00', 'gained', 'MiddleOnly') 8 victims 0
    ('2026-09-01 20:00:00', 'lost', 'BadExit') 3 victims 0
    ('2026-09-07 20:00:00', 'gained', 'BadExit') 7 victims 0
    ('2026-09-07 20:00:00', 'gained', 'MiddleOnly') 7 victims 0
    ('2026-09-16 19:00:00', 'gained', 'BadExit') 3 victims 0
    ('2026-09-17 13:00:00', 'gained', 'MiddleOnly') 3 victims 0
exit-weight exposure (victims with attacker p line, Exit, not BadExit), from 2026-09-30 22:00:
   2026-09-30 22:00:00 usable_exit_victims=0/9439 pline=0 share=0.000% BadExit=38 (victims 1) MiddleOnly=33 (victims 1)
   2026-09-30 23:00:00 usable_exit_victims=0/9433 pline=0 share=0.000% BadExit=38 (victims 1) MiddleOnly=33 (victims 1)
   2026-10-01 00:00:00 usable_exit_victims=0/9351 pline=0 share=0.000% BadExit=38 (victims 1) MiddleOnly=33 (victims 1)
   2026-10-01 01:00:00 usable_exit_victims=0/9500 pline=0 share=0.000% BadExit=38 (victims 1) MiddleOnly=33 (victims 1)
   2026-10-01 02:00:00 usable_exit_victims=0/9459 pline=0 share=0.000% BadExit=38 (victims 1) MiddleOnly=33 (victims 1)
   2026-10-01 03:00:00 usable_exit_victims=0/9407 pline=0 share=0.000% BadExit=38 (victims 1) MiddleOnly=33 (victims 1)
   2026-10-01 04:00:00 usable_exit_victims=0/9442 pline=0 share=0.000% BadExit=38 (victims 1) MiddleOnly=33 (victims 1)
   2026-10-01 05:00:00 usable_exit_victims=0/9478 pline=0 share=0.000% BadExit=38 (victims 1) MiddleOnly=33 (victims 1)
   2026-10-01 06:00:00 usable_exit_victims=0/9465 pline=0 share=0.000% BadExit=38 (victims 1) MiddleOnly=33 (victims 1)
   2026-10-01 07:00:00 usable_exit_victims=0/9473 pline=0 share=0.000% BadExit=38 (victims 1) MiddleOnly=33 (victims 1)
   2026-10-01 08:00:00 usable_exit_victims=0/9497 pline=0 share=0.000% BadExit=38 (victims 1) MiddleOnly=33 (victims 1)
   2026-10-01 09:00:00 usable_exit_victims=0/9500 pline=0 share=0.000% BadExit=38 (victims 1) MiddleOnly=33 (victims 1)
   2026-10-01 10:00:00 usable_exit_victims=0/9464 pline=0 share=0.000% BadExit=38 (victims 1) MiddleOnly=33 (victims 1)
   2026-10-01 11:00:00 usable_exit_victims=0/9504 pline=0 share=0.000% BadExit=38 (victims 1) MiddleOnly=33 (victims 1)
   2026-10-01 12:00:00 usable_exit_victims=0/9497 pline=0 share=0.000% BadExit=38 (victims 1) MiddleOnly=33 (victims 1)
   2026-10-01 13:00:00 usable_exit_victims=0/9438 pline=0 share=0.000% BadExit=38 (victims 1) MiddleOnly=33 (victims 1)
   2026-10-01 14:00:00 usable_exit_victims=0/9428 pline=0 share=0.000% BadExit=38 (victims 1) MiddleOnly=33 (victims 1)
   2026-10-01 15:00:00 usable_exit_victims=3/9487 pline=3 share=0.217% BadExit=38 (victims 1) MiddleOnly=33 (victims 1)
   2026-10-01 16:00:00 usable_exit_victims=43/9452 pline=43 share=2.037% BadExit=38 (victims 1) MiddleOnly=33 (victims 1)
   2026-10-01 17:00:00 usable_exit_victims=43/9440 pline=43 share=2.032% BadExit=38 (victims 1) MiddleOnly=33 (victims 1)
   2026-10-01 18:00:00 usable_exit_victims=43/9463 pline=43 share=2.024% BadExit=37 (victims 1) MiddleOnly=32 (victims 1)
   2026-10-01 20:00:00 usable_exit_victims=43/9457 pline=43 share=2.029% BadExit=38 (victims 1) MiddleOnly=33 (victims 1)
   2026-10-01 21:00:00 usable_exit_victims=43/9447 pline=43 share=2.036% BadExit=38 (victims 1) MiddleOnly=33 (victims 1)
   2026-10-01 22:00:00 usable_exit_victims=43/9451 pline=43 share=2.035% BadExit=38 (victims 1) MiddleOnly=33 (victims 1)
   2026-10-01 23:00:00 usable_exit_victims=43/9463 pline=43 share=2.034% BadExit=38 (victims 1) MiddleOnly=33 (victims 1)
   2026-10-02 00:00:00 usable_exit_victims=43/9482 pline=43 share=2.034% BadExit=38 (victims 1) MiddleOnly=33 (victims 1)
   2026-10-02 01:00:00 usable_exit_victims=43/9516 pline=43 share=2.028% BadExit=38 (victims 1) MiddleOnly=33 (victims 1)
   2026-10-02 02:00:00 usable_exit_victims=43/9525 pline=43 share=2.067% BadExit=38 (victims 1) MiddleOnly=33 (victims 1)
   2026-10-02 03:00:00 usable_exit_victims=43/9515 pline=43 share=2.060% BadExit=38 (victims 1) MiddleOnly=33 (victims 1)
   2026-10-02 04:00:00 usable_exit_victims=43/9517 pline=43 share=2.052% BadExit=38 (victims 1) MiddleOnly=33 (victims 1)
   2026-10-02 05:00:00 usable_exit_victims=43/9540 pline=43 share=2.044% BadExit=38 (victims 1) MiddleOnly=33 (victims 1)
   2026-10-02 06:00:00 usable_exit_victims=43/9530 pline=43 share=2.048% BadExit=37 (victims 1) MiddleOnly=32 (victims 1)
   2026-10-02 07:00:00 usable_exit_victims=43/9539 pline=43 share=2.047% BadExit=38 (victims 1) MiddleOnly=33 (victims 1)
   2026-10-02 08:00:00 usable_exit_victims=43/9513 pline=43 share=2.066% BadExit=38 (victims 1) MiddleOnly=33 (victims 1)
   2026-10-02 09:00:00 usable_exit_victims=43/9537 pline=43 share=2.036% BadExit=38 (victims 1) MiddleOnly=33 (victims 1)
   2026-10-02 10:00:00 usable_exit_victims=325/9506 pline=325 share=7.096% BadExit=38 (victims 1) MiddleOnly=33 (victims 1)
   2026-10-02 11:00:00 usable_exit_victims=330/9533 pline=331 share=7.242% BadExit=38 (victims 1) MiddleOnly=33 (victims 1)
   2026-10-02 12:00:00 usable_exit_victims=330/9539 pline=331 share=7.245% BadExit=38 (victims 1) MiddleOnly=33 (victims 1)
   2026-10-02 13:00:00 usable_exit_victims=330/9489 pline=331 share=7.250% BadExit=37 (victims 1) MiddleOnly=32 (victims 1)
   2026-10-02 14:00:00 usable_exit_victims=330/9461 pline=331 share=7.256% BadExit=38 (victims 1) MiddleOnly=33 (victims 1)
   2026-10-02 15:00:00 usable_exit_victims=331/9500 pline=332 share=7.174% BadExit=38 (victims 1) MiddleOnly=33 (victims 1)
   2026-10-02 16:00:00 usable_exit_victims=332/9483 pline=333 share=7.225% BadExit=37 (victims 1) MiddleOnly=33 (victims 1)
   2026-10-02 17:00:00 usable_exit_victims=332/9488 pline=333 share=7.228% BadExit=37 (victims 1) MiddleOnly=33 (victims 1)
   2026-10-02 18:00:00 usable_exit_victims=332/9516 pline=333 share=7.199% BadExit=38 (victims 1) MiddleOnly=33 (victims 1)
   2026-10-02 19:00:00 usable_exit_victims=332/9508 pline=333 share=7.171% BadExit=38 (victims 1) MiddleOnly=33 (victims 1)
   2026-10-02 20:00:00 usable_exit_victims=331/9491 pline=332 share=7.153% BadExit=38 (victims 1) MiddleOnly=33 (victims 1)
   2026-10-02 21:00:00 usable_exit_victims=332/9498 pline=333 share=7.142% BadExit=38 (victims 1) MiddleOnly=33 (victims 1)
   2026-10-02 22:00:00 usable_exit_victims=331/9487 pline=332 share=7.213% BadExit=38 (victims 1) MiddleOnly=33 (victims 1)
   2026-10-02 23:00:00 usable_exit_victims=331/9487 pline=332 share=7.216% BadExit=38 (victims 1) MiddleOnly=33 (victims 1)
   2026-10-03 00:00:00 usable_exit_victims=331/9505 pline=332 share=7.184% BadExit=37 (victims 1) MiddleOnly=32 (victims 1)
   2026-10-03 01:00:00 usable_exit_victims=331/9548 pline=332 share=7.183% BadExit=37 (victims 1) MiddleOnly=32 (victims 1)
   2026-10-03 02:00:00 usable_exit_victims=331/9540 pline=332 share=7.176% BadExit=37 (victims 1) MiddleOnly=32 (victims 1)
   2026-10-03 03:00:00 usable_exit_victims=331/9519 pline=332 share=7.165% BadExit=37 (victims 1) MiddleOnly=32 (victims 1)
   2026-10-03 04:00:00 usable_exit_victims=331/9521 pline=332 share=7.146% BadExit=37 (victims 1) MiddleOnly=32 (victims 1)
   2026-10-03 05:00:00 usable_exit_victims=331/9545 pline=332 share=7.145% BadExit=37 (victims 1) MiddleOnly=32 (victims 1)
   2026-10-03 06:00:00 usable_exit_victims=331/9535 pline=332 share=7.114% BadExit=37 (victims 1) MiddleOnly=32 (victims 1)
   2026-10-03 07:00:00 usable_exit_victims=331/9516 pline=332 share=7.106% BadExit=37 (victims 1) MiddleOnly=32 (victims 1)
   2026-10-03 08:00:00 usable_exit_victims=331/9527 pline=332 share=7.089% BadExit=37 (victims 1) MiddleOnly=32 (victims 1)
   2026-10-03 09:00:00 usable_exit_victims=331/9544 pline=332 share=7.066% BadExit=37 (victims 1) MiddleOnly=32 (victims 1)
   2026-10-03 10:00:00 usable_exit_victims=331/9525 pline=332 share=7.032% BadExit=37 (victims 1) MiddleOnly=32 (victims 1)
   2026-10-03 11:00:00 usable_exit_victims=350/9524 pline=351 share=7.251% BadExit=37 (victims 1) MiddleOnly=32 (victims 1)
   2026-10-03 12:00:00 usable_exit_victims=347/9538 pline=348 share=7.238% BadExit=37 (victims 1) MiddleOnly=32 (victims 1)
   2026-10-03 13:00:00 usable_exit_victims=347/9499 pline=348 share=7.283% BadExit=37 (victims 1) MiddleOnly=32 (victims 1)
   2026-10-03 14:00:00 usable_exit_victims=346/9458 pline=347 share=7.183% BadExit=37 (victims 1) MiddleOnly=32 (victims 1)
   2026-10-03 15:00:00 usable_exit_victims=346/9437 pline=347 share=7.138% BadExit=37 (victims 1) MiddleOnly=32 (victims 1)
   2026-10-03 16:00:00 usable_exit_victims=343/9435 pline=344 share=7.215% BadExit=37 (victims 1) MiddleOnly=32 (victims 1)
   2026-10-03 17:00:00 usable_exit_victims=345/9450 pline=346 share=7.184% BadExit=37 (victims 1) MiddleOnly=32 (victims 1)
   2026-10-03 18:00:00 usable_exit_victims=346/9430 pline=347 share=7.247% BadExit=36 (victims 1) MiddleOnly=31 (victims 1)
   2026-10-03 19:00:00 usable_exit_victims=348/9439 pline=349 share=7.276% BadExit=36 (victims 1) MiddleOnly=31 (victims 1)
   2026-10-03 20:00:00 usable_exit_victims=348/9442 pline=349 share=7.271% BadExit=35 (victims 1) MiddleOnly=30 (victims 1)
   2026-10-03 21:00:00 usable_exit_victims=346/9453 pline=347 share=7.219% BadExit=36 (victims 1) MiddleOnly=31 (victims 1)
   2026-10-03 22:00:00 usable_exit_victims=347/9454 pline=348 share=7.268% BadExit=36 (victims 1) MiddleOnly=31 (victims 1)
   2026-10-03 23:00:00 usable_exit_victims=347/9467 pline=348 share=7.223% BadExit=36 (victims 1) MiddleOnly=31 (victims 1)
   2026-10-04 00:00:00 usable_exit_victims=351/9483 pline=352 share=7.455% BadExit=36 (victims 1) MiddleOnly=31 (victims 1)
   2026-10-04 01:00:00 usable_exit_victims=351/9498 pline=352 share=7.463% BadExit=36 (victims 1) MiddleOnly=31 (victims 1)
   2026-10-04 02:00:00 usable_exit_victims=351/9504 pline=352 share=7.449% BadExit=36 (victims 1) MiddleOnly=31 (victims 1)
   2026-10-04 03:00:00 usable_exit_victims=351/9493 pline=352 share=7.429% BadExit=36 (victims 1) MiddleOnly=31 (victims 1)
   2026-10-04 04:00:00 usable_exit_victims=352/9508 pline=353 share=7.428% BadExit=36 (victims 1) MiddleOnly=31 (victims 1)
   2026-10-04 05:00:00 usable_exit_victims=349/9509 pline=350 share=7.396% BadExit=36 (victims 1) MiddleOnly=31 (victims 1)
   2026-10-04 06:00:00 usable_exit_victims=351/9499 pline=352 share=7.426% BadExit=36 (victims 1) MiddleOnly=31 (victims 1)
   2026-10-04 07:00:00 usable_exit_victims=344/9506 pline=345 share=7.368% BadExit=36 (victims 1) MiddleOnly=31 (victims 1)
   2026-10-04 08:00:00 usable_exit_victims=348/9503 pline=349 share=7.346% BadExit=36 (victims 1) MiddleOnly=31 (victims 1)
   2026-10-04 09:00:00 usable_exit_victims=350/9499 pline=351 share=7.378% BadExit=36 (victims 1) MiddleOnly=31 (victims 1)
   2026-10-04 10:00:00 usable_exit_victims=349/9489 pline=350 share=7.350% BadExit=36 (victims 1) MiddleOnly=31 (victims 1)
   2026-10-04 11:00:00 usable_exit_victims=349/9501 pline=350 share=7.342% BadExit=36 (victims 1) MiddleOnly=31 (victims 1)
   2026-10-04 12:00:00 usable_exit_victims=348/9509 pline=349 share=7.314% BadExit=36 (victims 1) MiddleOnly=31 (victims 1)
   2026-10-04 13:00:00 usable_exit_victims=348/9464 pline=349 share=7.346% BadExit=35 (victims 1) MiddleOnly=31 (victims 1)
   2026-10-04 14:00:00 usable_exit_victims=348/9437 pline=349 share=7.385% BadExit=35 (victims 1) MiddleOnly=31 (victims 1)
   2026-10-04 15:00:00 usable_exit_victims=343/9461 pline=344 share=7.077% BadExit=36 (victims 1) MiddleOnly=31 (victims 1)
   2026-10-04 16:00:00 usable_exit_victims=318/9437 pline=319 share=5.991% BadExit=36 (victims 1) MiddleOnly=31 (victims 1)
   2026-10-04 17:00:00 usable_exit_victims=301/9427 pline=302 share=5.261% BadExit=35 (victims 1) MiddleOnly=31 (victims 1)
   2026-10-04 18:00:00 usable_exit_victims=281/9380 pline=282 share=4.250% BadExit=35 (victims 1) MiddleOnly=31 (victims 1)
   2026-10-04 19:00:00 usable_exit_victims=229/9370 pline=230 share=4.007% BadExit=36 (victims 1) MiddleOnly=31 (victims 1)
   2026-10-04 20:00:00 usable_exit_victims=107/9222 pline=108 share=2.728% BadExit=36 (victims 1) MiddleOnly=31 (victims 1)
   2026-10-04 21:00:00 usable_exit_victims=12/9195 pline=77 share=0.771% BadExit=98 (victims 63) MiddleOnly=79 (victims 49)
   2026-10-04 22:00:00 usable_exit_victims=12/9210 pline=77 share=0.769% BadExit=98 (victims 63) MiddleOnly=79 (victims 49)
   2026-10-04 23:00:00 usable_exit_victims=13/9205 pline=60 share=0.768% BadExit=93 (victims 58) MiddleOnly=75 (victims 45)
   2026-10-05 00:00:00 usable_exit_victims=13/9202 pline=50 share=0.783% BadExit=83 (victims 48) MiddleOnly=67 (victims 37)
   2026-10-05 01:00:00 usable_exit_victims=13/9223 pline=50 share=0.783% BadExit=83 (victims 48) MiddleOnly=67 (victims 37)
   2026-10-05 02:00:00 usable_exit_victims=13/9216 pline=46 share=0.776% BadExit=79 (victims 44) MiddleOnly=63 (victims 33)
   2026-10-05 03:00:00 usable_exit_victims=13/9205 pline=46 share=0.777% BadExit=79 (victims 44) MiddleOnly=63 (victims 33)
   2026-10-05 04:00:00 usable_exit_victims=13/9198 pline=46 share=0.777% BadExit=79 (victims 44) MiddleOnly=63 (victims 33)
   2026-10-05 05:00:00 usable_exit_victims=13/9207 pline=46 share=0.777% BadExit=79 (victims 44) MiddleOnly=63 (victims 33)
   2026-10-05 06:00:00 usable_exit_victims=13/9192 pline=46 share=0.776% BadExit=79 (victims 44) MiddleOnly=63 (victims 33)
   2026-10-05 07:00:00 usable_exit_victims=13/9202 pline=46 share=0.776% BadExit=79 (victims 44) MiddleOnly=63 (victims 33)
   2026-10-05 08:00:00 usable_exit_victims=13/9204 pline=45 share=0.780% BadExit=79 (victims 44) MiddleOnly=74 (victims 44)
   2026-10-05 09:00:00 usable_exit_victims=13/9220 pline=44 share=0.774% BadExit=78 (victims 43) MiddleOnly=73 (victims 43)
   2026-10-05 10:00:00 usable_exit_victims=13/9293 pline=126 share=0.774% BadExit=159 (victims 124) MiddleOnly=154 (victims 124)
   2026-10-05 11:00:00 usable_exit_victims=13/9443 pline=262 share=0.774% BadExit=243 (victims 208) MiddleOnly=238 (victims 208)
   2026-10-05 12:00:00 usable_exit_victims=13/9427 pline=253 share=0.767% BadExit=35 (victims 1) MiddleOnly=30 (victims 1)
   2026-10-05 13:00:00 usable_exit_victims=13/9296 pline=156 share=0.769% BadExit=36 (victims 1) MiddleOnly=31 (victims 1)
   2026-10-05 14:00:00 usable_exit_victims=12/9156 pline=41 share=0.774% BadExit=36 (victims 1) MiddleOnly=31 (victims 1)
   2026-10-05 15:00:00 usable_exit_victims=12/9159 pline=40 share=0.772% BadExit=36 (victims 1) MiddleOnly=31 (victims 1)
   2026-10-05 16:00:00 usable_exit_victims=0/9156 pline=20 share=0.000% BadExit=36 (victims 1) MiddleOnly=31 (victims 1)
   2026-10-05 17:00:00 usable_exit_victims=0/9115 pline=0 share=0.000% BadExit=36 (victims 1) MiddleOnly=31 (victims 1)
   2026-10-05 18:00:00 usable_exit_victims=0/9094 pline=0 share=0.000% BadExit=36 (victims 1) MiddleOnly=31 (victims 1)
   2026-10-05 19:00:00 usable_exit_victims=0/9089 pline=0 share=0.000% BadExit=36 (victims 1) MiddleOnly=31 (victims 1)
   2026-10-05 20:00:00 usable_exit_victims=0/9038 pline=0 share=0.000% BadExit=36 (victims 1) MiddleOnly=31 (victims 1)
   2026-10-05 21:00:00 usable_exit_victims=0/9113 pline=0 share=0.000% BadExit=36 (victims 1) MiddleOnly=31 (victims 1)
   2026-10-05 22:00:00 usable_exit_victims=0/9124 pline=0 share=0.000% BadExit=36 (victims 1) MiddleOnly=31 (victims 1)
   2026-10-05 23:00:00 usable_exit_victims=0/9117 pline=0 share=0.000% BadExit=36 (victims 1) MiddleOnly=31 (victims 1)
   2026-10-06 00:00:00 usable_exit_victims=0/9127 pline=0 share=0.000% BadExit=36 (victims 1) MiddleOnly=31 (victims 1)
   2026-10-06 01:00:00 usable_exit_victims=0/9165 pline=0 share=0.000% BadExit=36 (victims 1) MiddleOnly=31 (victims 1)
   2026-10-06 02:00:00 usable_exit_victims=0/9156 pline=0 share=0.000% BadExit=36 (victims 1) MiddleOnly=31 (victims 1)
   2026-10-06 03:00:00 usable_exit_victims=0/9168 pline=0 share=0.000% BadExit=36 (victims 1) MiddleOnly=31 (victims 1)
   2026-10-06 04:00:00 usable_exit_victims=0/9160 pline=0 share=0.000% BadExit=36 (victims 1) MiddleOnly=31 (victims 1)
   2026-10-06 05:00:00 usable_exit_victims=0/9163 pline=0 share=0.000% BadExit=36 (victims 1) MiddleOnly=31 (victims 1)
   2026-10-06 06:00:00 usable_exit_victims=0/9167 pline=0 share=0.000% BadExit=36 (victims 1) MiddleOnly=31 (victims 1)
   2026-10-06 07:00:00 usable_exit_victims=0/9176 pline=0 share=0.000% BadExit=36 (victims 1) MiddleOnly=31 (victims 1)
   2026-10-06 08:00:00 usable_exit_victims=0/9185 pline=0 share=0.000% BadExit=36 (victims 1) MiddleOnly=31 (victims 1)
   2026-10-06 09:00:00 usable_exit_victims=0/9166 pline=0 share=0.000% BadExit=36 (victims 1) MiddleOnly=31 (victims 1)
   2026-10-06 10:00:00 usable_exit_victims=0/9165 pline=0 share=0.000% BadExit=36 (victims 1) MiddleOnly=31 (victims 1)
   2026-10-06 11:00:00 usable_exit_victims=0/9215 pline=0 share=0.000% BadExit=36 (victims 1) MiddleOnly=31 (victims 1)
   2026-10-06 12:00:00 usable_exit_victims=0/9208 pline=0 share=0.000% BadExit=36 (victims 1) MiddleOnly=31 (victims 1)
   2026-10-06 13:00:00 usable_exit_victims=0/9172 pline=0 share=0.000% BadExit=36 (victims 1) MiddleOnly=31 (victims 1)
   2026-10-06 14:00:00 usable_exit_victims=0/9160 pline=0 share=0.000% BadExit=36 (victims 1) MiddleOnly=31 (victims 1)
   2026-10-06 15:00:00 usable_exit_victims=0/9153 pline=0 share=0.000% BadExit=35 (victims 1) MiddleOnly=30 (victims 1)
   2026-10-06 16:00:00 usable_exit_victims=0/9156 pline=0 share=0.000% BadExit=36 (victims 1) MiddleOnly=31 (victims 1)
   2026-10-06 17:00:00 usable_exit_victims=0/9165 pline=0 share=0.000% BadExit=36 (victims 1) MiddleOnly=31 (victims 1)
   2026-10-06 18:00:00 usable_exit_victims=0/9092 pline=0 share=0.000% BadExit=36 (victims 1) MiddleOnly=31 (victims 1)
   2026-10-06 19:00:00 usable_exit_victims=0/9054 pline=0 share=0.000% BadExit=36 (victims 1) MiddleOnly=31 (victims 1)
   2026-10-06 20:00:00 usable_exit_victims=0/9105 pline=0 share=0.000% BadExit=35 (victims 1) MiddleOnly=30 (victims 1)
   2026-10-06 21:00:00 usable_exit_victims=0/9108 pline=0 share=0.000% BadExit=36 (victims 1) MiddleOnly=31 (victims 1)
   2026-10-06 22:00:00 usable_exit_victims=0/9111 pline=0 share=0.000% BadExit=36 (victims 1) MiddleOnly=31 (victims 1)
   2026-10-06 23:00:00 usable_exit_victims=0/9124 pline=0 share=0.000% BadExit=36 (victims 1) MiddleOnly=31 (victims 1)
   2026-10-07 00:00:00 usable_exit_victims=0/9146 pline=0 share=0.000% BadExit=35 (victims 1) MiddleOnly=30 (victims 1)
   2026-10-07 01:00:00 usable_exit_victims=0/9170 pline=0 share=0.000% BadExit=38 (victims 1) MiddleOnly=33 (victims 1)
   2026-10-07 02:00:00 usable_exit_victims=0/9155 pline=0 share=0.000% BadExit=38 (victims 1) MiddleOnly=33 (victims 1)
victims never BadExit/MiddleOnly although usable exit with attacker p line: 146
