authorities:
    ['bastet', 145, 0, 1, '', 0, '2026-10-04 20:00:00', 245, '2026-10-01 16:00:00', 376]
    ['dannenberg', 145, 0, 1, '', 0, '2026-10-04 18:00:00', 305, '2026-10-02 15:00:00', 333]
    ['dizum', 141, 0, 1, '', 0, '', 0, '2026-10-03 16:00:00', 322]
    ['faravahar', 145, 1, 1, '', 0, '', 0, '2026-10-01 16:00:00', 376]
    ['gabelmoo', 145, 1, 1, '2026-10-04 18:00:00', 245, '2026-10-04 18:00:00', 245, '2026-10-01 16:00:00', 376]
    ['longclaw', 145, 1, 1, '2026-10-04 21:00:00', 245, '2026-10-04 21:00:00', 245, '2026-10-01 16:00:00', 376]
    ['maatuska', 145, 0, 1, '', 0, '2026-10-05 08:00:00', 225, '2026-10-01 16:00:00', 376]
    ['moria1', 145, 1, 1, '2026-10-04 19:00:00', 319, '2026-10-04 19:00:00', 319, '2026-10-01 16:00:00', 376]
    ['tor26', 145, 1, 1, '', 0, '', 0, '2026-10-02 08:00:00', 323]
hourly totals across authorities (selected hours):
    2026-10-04 12:00:00 bast:L363/E363/B0/M0/O12 dann:L364/E364/B0/M0/O11 dizu:L364/E364/B0/M0/O11 fara:L362/E362/B0/M0/O13 gabe:L363/E363/B0/M0/O12 long:L363/E363/B0/M0/O12 maat:L363/E363/B0/M0/O12 mori:L363/E363/B0/M0/O12 tor2:L363/E363/B0/M0/O12
    2026-10-04 13:00:00 bast:L363/E363/B0/M0/O12 dann:L364/E364/B0/M0/O11 dizu:L364/E364/B0/M0/O11 fara:L362/E362/B0/M0/O13 gabe:L363/E363/B0/M0/O12 long:L363/E363/B0/M0/O12 maat:L363/E363/B0/M0/O12 mori:L363/E363/B0/M0/O12 tor2:L363/E363/B0/M0/O12
    2026-10-04 14:00:00 bast:L363/E363/B0/M0/O12 dann:L364/E364/B0/M0/O11 dizu:L364/E364/B0/M0/O11 fara:L362/E362/B0/M0/O13 gabe:L363/E363/B0/M0/O12 long:L363/E363/B0/M0/O12 maat:L363/E363/B0/M0/O12 mori:L363/E363/B0/M0/O12 tor2:L363/E363/B0/M0/O12
    2026-10-04 15:00:00 bast:L363/E363/B0/M0/O12 dann:L364/E364/B0/M0/O11 dizu:L364/E364/B0/M0/O11 fara:L362/E362/B0/M0/O13 gabe:L363/E363/B0/M0/O12 long:L363/E363/B0/M0/O12 maat:L363/E363/B0/M0/O12 mori:L363/E363/B0/M0/O12 tor2:L363/E363/B0/M0/O12
    2026-10-04 16:00:00 bast:L363/E363/B0/M0/O12 dann:L364/E364/B0/M0/O11 dizu:L364/E364/B0/M0/O11 fara:L362/E362/B0/M0/O13 gabe:L263/E263/B0/M0/O112 long:L363/E363/B0/M0/O12 maat:L363/E363/B0/M0/O12 mori:L363/E363/B0/M0/O12 tor2:L363/E363/B0/M0/O12
    2026-10-04 17:00:00 bast:L263/E263/B0/M0/O112 dann:L364/E364/B0/M0/O11 dizu:L364/E364/B0/M0/O11 fara:L362/E362/B0/M0/O13 gabe:L263/E263/B0/M0/O112 long:L363/E363/B0/M0/O12 maat:L363/E363/B0/M0/O12 mori:L363/E363/B0/M0/O12 tor2:L363/E363/B0/M0/O12
    2026-10-04 18:00:00 bast:L263/E263/B0/M0/O112 dann:L337/E32/B0/M305/O38 dizu:L364/E364/B0/M0/O11 fara:L362/E362/B0/M0/O13 gabe:L263/E32/B231/M231/O112 long:L363/E363/B0/M0/O12 maat:L363/E363/B0/M0/O12 mori:L363/E363/B0/M0/O12 tor2:L363/E363/B0/M0/O12
    2026-10-04 19:00:00 bast:L263/E263/B0/M0/O112 dann:L337/E32/B0/M305/O38 dizu:L364/E364/B0/M0/O11 fara:L362/E362/B0/M0/O13 gabe:L263/E32/B231/M231/O112 long:L363/E363/B0/M0/O12 maat:L363/E363/B0/M0/O12 mori:L337/E18/B319/M319/O38 tor2:L363/E363/B0/M0/O12
    2026-10-04 20:00:00 bast:L263/E18/B0/M245/O112 dann:L337/E32/B0/M305/O38 dizu:L364/E364/B0/M0/O11 fara:L362/E362/B0/M0/O13 gabe:L263/E18/B245/M245/O112 long:L363/E363/B0/M0/O12 maat:L363/E363/B0/M0/O12 mori:L337/E18/B319/M319/O38 tor2:L363/E363/B0/M0/O12
    2026-10-04 21:00:00 bast:L263/E18/B0/M245/O112 dann:L337/E32/B0/M305/O38 dizu:L364/E364/B0/M0/O11 fara:L362/E362/B0/M0/O13 gabe:L263/E18/B245/M245/O112 long:L263/E18/B245/M245/O112 maat:L363/E363/B0/M0/O12 mori:L337/E18/B319/M319/O38 tor2:L363/E363/B0/M0/O12
    2026-10-04 22:00:00 bast:L263/E18/B0/M245/O112 dann:L337/E32/B0/M305/O38 dizu:L364/E364/B0/M0/O11 fara:L362/E362/B0/M0/O13 gabe:L263/E18/B245/M245/O112 long:L263/E18/B245/M245/O112 maat:L363/E363/B0/M0/O12 mori:L337/E18/B319/M319/O38 tor2:L363/E363/B0/M0/O12
    2026-10-04 23:00:00 bast:L265/E20/B0/M245/O111 dann:L339/E34/B0/M305/O37 dizu:L366/E358/B0/M0/O10 fara:L364/E360/B0/M0/O12 gabe:L265/E20/B245/M245/O111 long:L265/E20/B245/M245/O111 maat:L365/E357/B0/M0/O11 mori:L339/E20/B319/M319/O37 tor2:L365/E360/B0/M0/O11
    2026-10-05 00:00:00 bast:L265/E20/B0/M245/O111 dann:L339/E34/B0/M305/O37 dizu:L366/E358/B0/M0/O10 fara:L364/E360/B0/M0/O12 gabe:L265/E20/B245/M245/O111 long:L265/E20/B245/M245/O111 maat:L365/E357/B0/M0/O11 mori:L339/E20/B319/M319/O37 tor2:L365/E360/B0/M0/O11
    2026-10-05 01:00:00 bast:L265/E20/B0/M245/O111 dann:L339/E34/B0/M305/O37 dizu:L366/E358/B0/M0/O10 fara:L364/E360/B0/M0/O12 gabe:L265/E20/B245/M245/O111 long:L265/E20/B245/M245/O111 maat:L365/E357/B0/M0/O11 mori:L339/E20/B319/M319/O37 tor2:L365/E360/B0/M0/O11
    2026-10-05 02:00:00 bast:L192/E20/B0/M172/O184 dann:L246/E34/B0/M212/O130 dizu:L269/E261/B0/M0/O107 fara:L267/E263/B0/M0/O109 gabe:L192/E20/B172/M172/O184 long:L192/E20/B172/M172/O184 maat:L268/E260/B0/M0/O108 mori:L246/E20/B226/M226/O130 tor2:L268/E263/B0/M0/O108
    2026-10-05 03:00:00 bast:L176/E20/B0/M156/O200 dann:L223/E34/B0/M189/O153 dizu:L246/E238/B0/M0/O130 fara:L244/E240/B0/M0/O132 gabe:L176/E20/B156/M156/O200 long:L176/E20/B156/M156/O200 maat:L245/E237/B0/M0/O131 mori:L223/E20/B203/M203/O153 tor2:L245/E240/B0/M0/O131
    2026-10-05 04:00:00 bast:L152/E19/B0/M133/O224 dann:L197/E33/B0/M164/O179 dizu:L218/E210/B0/M0/O158 fara:L217/E213/B0/M0/O159 gabe:L152/E19/B133/M133/O224 long:L152/E19/B133/M133/O224 maat:L217/E209/B0/M0/O159 mori:L197/E19/B178/M178/O179 tor2:L217/E212/B0/M0/O159
    2026-10-05 05:00:00 bast:L107/E18/B0/M89/O269 dann:L138/E32/B0/M106/O238 dizu:L157/E149/B0/M0/O219 fara:L156/E152/B0/M0/O220 gabe:L107/E18/B89/M89/O269 long:L107/E18/B89/M89/O269 maat:L156/E148/B0/M0/O220 mori:L138/E18/B120/M120/O238 tor2:L156/E151/B0/M0/O220
    2026-10-05 06:00:00 bast:L77/E16/B0/M61/O299 dann:L86/E30/B0/M56/O290 dizu:L101/E93/B0/M0/O275 fara:L100/E96/B0/M0/O276 gabe:L77/E16/B61/M61/O299 long:L77/E16/B61/M61/O299 maat:L100/E92/B0/M0/O276 mori:L86/E16/B70/M70/O290 tor2:L100/E95/B0/M0/O276
    2026-10-05 07:00:00 bast:L78/E16/B0/M61/O298 dann:L80/E30/B0/M49/O296 dizu:L94/E85/B0/M0/O282 fara:L93/E88/B0/M0/O283 gabe:L78/E16/B61/M61/O298 long:L78/E16/B61/M61/O298 maat:L93/E84/B0/M0/O283 mori:L80/E16/B63/M63/O296 tor2:L93/E87/B0/M0/O283
    2026-10-05 08:00:00 bast:L78/E16/B0/M61/O298 dann:L80/E30/B0/M49/O296 dizu:L94/E84/B0/M0/O282 fara:L93/E86/B0/M0/O283 gabe:L78/E16/B61/M61/O298 long:L78/E16/B61/M61/O298 maat:L78/E16/B0/M61/O298 mori:L80/E16/B63/M63/O296 tor2:L93/E86/B0/M0/O283
    2026-10-05 09:00:00 bast:L76/E16/B0/M59/O300 dann:L78/E29/B0/M48/O298 dizu:L92/E82/B0/M0/O284 fara:L91/E84/B0/M0/O285 gabe:L76/E16/B59/M59/O300 long:L76/E16/B59/M59/O300 maat:L76/E16/B0/M59/O300 mori:L63/E2/B61/M61/O313 tor2:L91/E84/B0/M0/O285
    2026-10-05 10:00:00 bast:L170/E16/B0/M153/O206 dann:L181/E29/B0/M151/O195 dizu:L198/E188/B0/M0/O178 fara:L197/E190/B0/M0/O179 gabe:L170/E16/B153/M153/O206 long:L170/E16/B153/M153/O206 maat:L170/E16/B0/M153/O206 mori:L166/E2/B164/M164/O210 tor2:L197/E190/B0/M0/O179
    2026-10-05 11:00:00 bast:L240/E16/B0/M223/O136 dann:L316/E29/B0/M286/O60 dizu:L343/E333/B0/M0/O33 fara:L339/E332/B0/M0/O37 gabe:L242/E16/B225/M225/O134 long:L242/E16/B225/M225/O134 maat:L242/E16/B0/M225/O134 mori:L299/E2/B297/M297/O77 tor2:L340/E333/B0/M0/O36
    2026-10-05 12:00:00 bast:L240/E16/B0/M223/O136 dann:L316/E29/B0/M286/O60 dizu:L343/E333/B0/M0/O33 fara:L340/E333/B0/M0/O36 gabe:L242/E16/B225/M225/O134 long:L0/E0/B0/M0/O376 maat:L0/E0/B0/M0/O376 mori:L299/E2/B297/M297/O77 tor2:L340/E333/B0/M0/O36
    2026-10-05 13:00:00 bast:L242/E16/B0/M225/O134 dann:L316/E29/B0/M286/O60 dizu:L343/E334/B0/M0/O33 fara:L342/E333/B0/M0/O34 gabe:L242/E16/B225/M225/O134 long:L0/E0/B0/M0/O376 maat:L0/E0/B0/M0/O376 mori:L301/E2/B299/M299/O75 tor2:L342/E333/B0/M0/O34
    2026-10-05 14:00:00 bast:L239/E16/B0/M222/O137 dann:L313/E26/B0/M286/O63 dizu:L340/E331/B0/M0/O36 fara:L0/E0/B0/M0/O376 gabe:L239/E16/B222/M222/O137 long:L0/E0/B0/M0/O376 maat:L0/E0/B0/M0/O376 mori:L298/E2/B296/M296/O78 tor2:L339/E330/B0/M0/O37
    2026-10-05 15:00:00 bast:L238/E16/B0/M221/O138 dann:L312/E25/B0/M286/O64 dizu:L339/E330/B0/M0/O37 fara:L0/E0/B0/M0/O376 gabe:L238/E16/B221/M221/O138 long:L0/E0/B0/M0/O376 maat:L0/E0/B0/M0/O376 mori:L297/E2/B295/M295/O79 tor2:L338/E329/B0/M0/O38
    2026-10-05 16:00:00 bast:L227/E16/B0/M210/O149 dann:L301/E17/B0/M283/O75 dizu:L328/E318/B0/M0/O48 fara:L0/E0/B0/M0/O376 gabe:L0/E0/B0/M0/O376 long:L0/E0/B0/M0/O376 maat:L0/E0/B0/M0/O376 mori:L286/E2/B284/M284/O90 tor2:L327/E318/B0/M0/O49
victims never flagged nor omitted by any authority: 0
non-victim relays sharing an IP with a victim (seen in votes): 8 ; flagged by >=1 authority: 0
    ['7F75629E1105D2500A08A475D370DF566E877344', 'Unnamed', '107.189.13.151'] | flagged by: -  | omitted by: bastet dannenberg dizum faravahar gabelmoo longclaw maatuska moria1 tor26
    ['2837B5BC8F3D874A2D9E02B354929A3A067895A3', 'saciperere', '107.189.8.56'] | flagged by: -  | omitted by: -
    ['B6A35E504326067B8DA48EC390D6901B9F728152', 'GLASNOT', '107.189.8.56'] | flagged by: -  | omitted by: -
    ['DB9F6984A593DADDB548D4D24D51C02085C9017E', 'DDR', '107.189.8.56'] | flagged by: -  | omitted by: -
    ['83E0E6945559A3E6F375FE226A28CC5B484E726E', 'FOOBS', '107.189.8.56'] | flagged by: -  | omitted by: -
    ['A6B4256410140FAE7D50FF79A7BF5AD1B44FD6C6', 'PERESTROIKA', '107.189.8.56'] | flagged by: -  | omitted by: -
    ['570750660E68DAF80C8008E6E5D3B8696ACD99AC', 'ZEYS', '172.81.131.156'] | flagged by: -  | omitted by: bastet dannenberg dizum faravahar gabelmoo longclaw maatuska moria1 tor26
    ['190BD23BFD0EC82544C2EC5929D8198FE2D3B3D4', 'DicedOnions', '209.141.51.30'] | flagged by: -  | omitted by: bastet dannenberg dizum faravahar gabelmoo longclaw maatuska moria1 tor26
2026-10-05 family relays in votes (listed/Running/Exit/BadExit/MiddleOnly):
    2026-10-05 10:00:00 bast:102/79/0/0/102 dann:111/81/0/0/111 dizu:115/85/115/0/0 fara:115/63/115/0/0 gabe:102/80/0/102/102 long:102/75/0/102/102 maat:102/81/0/0/102 mori:111/85/0/111/111 tor2:115/87/115/0/0
    2026-10-05 11:00:00 bast:175/167/0/0/175 dann:247/237/0/0/247 dizu:261/250/261/0/0 fara:260/191/260/0/0 gabe:175/167/0/175/175 long:175/166/0/175/175 maat:175/167/0/0/175 mori:247/239/0/247/247 tor2:261/253/261/0/0
    2026-10-05 12:00:00 bast:175/158/0/0/175 dann:247/226/0/0/247 dizu:261/242/261/0/0 fara:261/186/261/0/0 gabe:175/156/0/175/175 long:0/0/0/0/0 maat:0/0/0/0/0 mori:247/236/0/247/247 tor2:261/244/261/0/0
    2026-10-05 13:00:00 bast:175/84/0/0/175 dann:247/139/0/0/247 dizu:261/152/261/0/0 fara:261/98/261/0/0 gabe:175/86/0/175/175 long:0/0/0/0/0 maat:0/0/0/0/0 mori:247/147/0/247/247 tor2:261/149/261/0/0
    2026-10-05 14:00:00 bast:175/0/0/0/175 dann:247/0/0/0/247 dizu:261/0/261/0/0 fara:0/0/0/0/0 gabe:175/0/0/175/175 long:0/0/0/0/0 maat:0/0/0/0/0 mori:247/0/0/247/247 tor2:261/0/261/0/0
